W0619 07:10:07.749000 949679 site-packages/torch/distributed/run.py:793] 
W0619 07:10:07.749000 949679 site-packages/torch/distributed/run.py:793] *****************************************
W0619 07:10:07.749000 949679 site-packages/torch/distributed/run.py:793] Setting OMP_NUM_THREADS environment variable for each process to be 1 in default, to avoid your system being overloaded, please further tune the variable for optimal performance in your application as needed. 
W0619 07:10:07.749000 949679 site-packages/torch/distributed/run.py:793] *****************************************
DDP world=8 method=rp corpus=40000 queries=10000 dim=18382

0%   10   20   30   40   50   60   70   80   90   100%
|----|----|----|----|----|----|----|----|----|----|
***************************************************

0%   10   20   30   40   50   60   70   80   90   100%
|----|----|----|----|----|----|----|----|----|----|
***************************************************[rp d=256 base] R@10=0.6159 R@50=0.6591 R@500=0.7657 QPS=3890
Corpus pre-loaded to GPU: 2.74 GB

0%   10   20   30   40   50   60   70   80   90   100%
|----|----|----|----|----|----|----|----|----|----|
***************************************************

0%   10   20   30   40   50   60   70   80   90   100%
|----|----|----|----|----|----|----|----|----|----|
***************************************************[rp d=256 rerank K=1000] R@10=0.9925 R@50=0.9896 R@500=0.9086 e2eQPS=1642

0%   10   20   30   40   50   60   70   80   90   100%
|----|----|----|----|----|----|----|----|----|----|
***************************************************

0%   10   20   30   40   50   60   70   80   90   100%
|----|----|----|----|----|----|----|----|----|----|
***************************************************[rp d=256 rerank K=2000] R@10=0.9943 R@50=0.9949 R@500=0.9551 e2eQPS=904

0%   10   20   30   40   50   60   70   80   90   100%
|----|----|----|----|----|----|----|----|----|----|
***************************************************

0%   10   20   30   40   50   60   70   80   90   100%
|----|----|----|----|----|----|----|----|----|----|
******************************************************[rp d=512 base] R@10=0.6531 R@50=0.6958 R@500=0.7999 QPS=2123
Corpus pre-loaded to GPU: 2.74 GB

0%   10   20   30   40   50   60   70   80   90   100%
|----|----|----|----|----|----|----|----|----|----|
***************************************************

0%   10   20   30   40   50   60   70   80   90   100%
|----|----|----|----|----|----|----|----|----|----|
***************************************************[rp d=512 rerank K=1000] R@10=0.9944 R@50=0.9944 R@500=0.9344 e2eQPS=1291

0%   10   20   30   40   50   60   70   80   90   100%
|----|----|----|----|----|----|----|----|----|----|
***************************************************

0%   10   20   30   40   50   60   70   80   90   100%
|----|----|----|----|----|----|----|----|----|----|
***************************************************[rp d=512 rerank K=2000] R@10=0.9949 R@50=0.9963 R@500=0.9640 e2eQPS=746

0%   10   20   30   40   50   60   70   80   90   100%
|----|----|----|----|----|----|----|----|----|----|
***************************************************

0%   10   20   30   40   50   60   70   80   90   100%
|----|----|----|----|----|----|----|----|----|----|
***************************************************


[rp d=1024 base] R@10=0.6747 R@50=0.7189 R@500=0.8184 QPS=1429
Corpus pre-loaded to GPU: 2.74 GB

0%   10   20   30   40   50   60   70   80   90   100%
|----|----|----|----|----|----|----|----|----|----|
***************************************************

0%   10   20   30   40   50   60   70   80   90   100%
|----|----|----|----|----|----|----|----|----|----|
***************************************************[rp d=1024 rerank K=1000] R@10=0.9948 R@50=0.9956 R@500=0.9440 e2eQPS=954

0%   10   20   30   40   50   60   70   80   90   100%
|----|----|----|----|----|----|----|----|----|----|
***************************************************

0%   10   20   30   40   50   60   70   80   90   100%
|----|----|----|----|----|----|----|----|----|----|
******************************************************[rp d=1024 rerank K=2000] R@10=0.9950 R@50=0.9966 R@500=0.9672 e2eQPS=650

0%   10   20   30   40   50   60   70   80   90   100%
|----|----|----|----|----|----|----|----|----|----|
***************************************************

0%   10   20   30   40   50   60   70   80   90   100%
|----|----|----|----|----|----|----|----|----|----|
****************************************************[rp d=2048 base] R@10=0.6925 R@50=0.7396 R@500=0.8373 QPS=812
Corpus pre-loaded to GPU: 2.74 GB

0%   10   20   30   40   50   60   70   80   90   100%
|----|----|----|----|----|----|----|----|----|----|
***************************************************

0%   10   20   30   40   50   60   70   80   90   100%
|----|----|----|----|----|----|----|----|----|----|
***************************************************[rp d=2048 rerank K=1000] R@10=0.9950 R@50=0.9966 R@500=0.9560 e2eQPS=706

0%   10   20   30   40   50   60   70   80   90   100%
|----|----|----|----|----|----|----|----|----|----|
***************************************************

0%   10   20   30   40   50   60   70   80   90   100%
|----|----|----|----|----|----|----|----|----|----|
******************************************************
[rp d=2048 rerank K=2000] R@10=0.9951 R@50=0.9970 R@500=0.9716 e2eQPS=540

0%   10   20   30   40   50   60   70   80   90   100%
|----|----|----|----|----|----|----|----|----|----|
***************************************************

0%   10   20   30   40   50   60   70   80   90   100%
|----|----|----|----|----|----|----|----|----|----|
***************************************************[rp d=4096 base] R@10=0.7052 R@50=0.7491 R@500=0.8408 QPS=704
Corpus pre-loaded to GPU: 2.74 GB

0%   10   20   30   40   50   60   70   80   90   100%
|----|----|----|----|----|----|----|----|----|----|
***************************************************

0%   10   20   30   40   50   60   70   80   90   100%
|----|----|----|----|----|----|----|----|----|----|
***************************************************[rp d=4096 rerank K=1000] R@10=0.9950 R@50=0.9967 R@500=0.9588 e2eQPS=502

0%   10   20   30   40   50   60   70   80   90   100%
|----|----|----|----|----|----|----|----|----|----|
***************************************************

0%   10   20   30   40   50   60   70   80   90   100%
|----|----|----|----|----|----|----|----|----|----|
***************************************************[rp d=4096 rerank K=2000] R@10=0.9951 R@50=0.9969 R@500=0.9720 e2eQPS=473
rp done
