dataset=full | qt=(233773, 18220) | corpus=(187019, 18220) | queries=(46754, 18220)
qt_norm loaded from cache (233773, 18220) in 5.4s
gt_stacked loaded from cache (46754, 17410) in 1.0s
gt_gpu on cuda:0: (46754, 17410) (3.03 GB) in 0.3s
OUT_DIM=512 lr=0.001 steps=2500
/raid/ruban/hpmlproj/term_project/SigSpatial/sota_experiment_common.py:398: UserWarning: torch.searchsorted(): input value tensor is non-contiguous, this will lower the performance due to extra data copy when converting non-contiguous tensor to contiguous, please use contiguous input value tensor if possible. This message will only appear once per program. (Triggered internally at ../aten/src/ATen/native/BucketizationUtils.h:32.)
  pos  = torch.searchsorted(gt_rows, p_exp).clamp(0, K - 1)   # (B, B)
  step   1 loss=0.3439 main=0.3422 viol=1.000 embdiv=0.8150
  step  50 loss=0.3155 main=0.3155 viol=1.000 embdiv=0.5751
  step 100 loss=0.3113 main=0.3113 viol=1.000 embdiv=0.4315
  step 150 loss=0.3091 main=0.3091 viol=1.000 embdiv=0.2546
  step 200 loss=0.3066 main=0.3066 viol=1.000 embdiv=0.1591
  step 250 loss=0.3039 main=0.3039 viol=1.000 embdiv=0.1197
  step 300 loss=0.3070 main=0.3070 viol=1.000 embdiv=0.1119
  step 350 loss=0.3055 main=0.3055 viol=1.000 embdiv=0.1439
  step 400 loss=0.3033 main=0.3033 viol=1.000 embdiv=0.0867
  step 450 loss=0.3016 main=0.3016 viol=1.000 embdiv=0.0725
  step 500 loss=0.3030 main=0.3030 viol=1.000 embdiv=0.0630
  step 550 loss=0.3019 main=0.3019 viol=1.000 embdiv=0.0539
  step 600 loss=0.3030 main=0.3030 viol=1.000 embdiv=0.0546
  step 650 loss=0.3019 main=0.3019 viol=1.000 embdiv=0.0445
  step 700 loss=0.3026 main=0.3026 viol=1.000 embdiv=0.0418
  step 750 loss=0.3012 main=0.3012 viol=1.000 embdiv=0.0329
  step 800 loss=0.3015 main=0.3015 viol=1.000 embdiv=0.0352
  step 850 loss=0.3013 main=0.3013 viol=1.000 embdiv=0.0325
  step 900 loss=0.3019 main=0.3019 viol=1.000 embdiv=0.0334
  step 950 loss=0.3012 main=0.3012 viol=1.000 embdiv=0.0284
  step1000 loss=0.3012 main=0.3012 viol=1.000 embdiv=0.0276
  step1050 loss=0.3009 main=0.3009 viol=1.000 embdiv=0.0260
  step1100 loss=0.3023 main=0.3023 viol=1.000 embdiv=0.0322
  step1150 loss=0.3007 main=0.3007 viol=1.000 embdiv=0.0279
  step1200 loss=0.3021 main=0.3021 viol=1.000 embdiv=0.0225
  step1250 loss=0.3018 main=0.3018 viol=1.000 embdiv=0.0774
  step1300 loss=0.3036 main=0.3036 viol=1.000 embdiv=0.0491
  step1350 loss=0.3050 main=0.3050 viol=1.000 embdiv=0.0728
  step1400 loss=0.3067 main=0.3067 viol=1.000 embdiv=0.0568
  step1450 loss=0.3019 main=0.3019 viol=1.000 embdiv=0.0434
  step1500 loss=0.3030 main=0.3030 viol=1.000 embdiv=0.0420
  step1550 loss=0.3017 main=0.3017 viol=1.000 embdiv=0.0449
  step1600 loss=0.3019 main=0.3019 viol=1.000 embdiv=0.0487
  step1650 loss=0.3022 main=0.3022 viol=1.000 embdiv=0.0351
  step1700 loss=0.3026 main=0.3026 viol=1.000 embdiv=0.0427
  step1750 loss=0.3022 main=0.3022 viol=1.000 embdiv=0.0442
  step1800 loss=0.3014 main=0.3014 viol=1.000 embdiv=0.0301
  step1850 loss=0.3011 main=0.3011 viol=1.000 embdiv=0.0294
  step1900 loss=0.3021 main=0.3021 viol=1.000 embdiv=0.0314
  step1950 loss=0.3018 main=0.3018 viol=1.000 embdiv=0.0305
  step2000 loss=0.3013 main=0.3013 viol=1.000 embdiv=0.0273
  step2050 loss=0.3006 main=0.3006 viol=1.000 embdiv=0.0212
  step2100 loss=0.3015 main=0.3015 viol=1.000 embdiv=0.0284
  step2150 loss=0.3017 main=0.3017 viol=1.000 embdiv=0.0271
  step2200 loss=0.3009 main=0.3009 viol=1.000 embdiv=0.0187
  step2250 loss=0.3001 main=0.3001 viol=1.000 embdiv=0.0222
  step2300 loss=0.2999 main=0.2999 viol=1.000 embdiv=0.0188
  step2350 loss=0.3016 main=0.3016 viol=1.000 embdiv=0.0181
  step2400 loss=0.3008 main=0.3008 viol=1.000 embdiv=0.0150
  step2450 loss=0.3015 main=0.3015 viol=1.000 embdiv=0.0205
  step2500 loss=0.3019 main=0.3019 viol=1.000 embdiv=0.0216
done
