Reading 50,000 lake polygons...
Loaded 50,000 polygons from 51,047 rows  (skipped 1,047)
Centering 50,000 polygons...
wktList ready: 50,000  (0.3min)

pCount=75  tCount=2  corpus=[0,40000)  queries=[40000,50000)  top_k=500
Output: /raid/ruban/hpmlproj/groundtruth/lakes-shapely-50K/

[P0] 133 queries [40000-40132]
[P1] 133 queries [40133-40265]
[P2] 133 queries [40266-40398]
[P3] 133 queries [40399-40531]
[P4] 133 queries [40532-40664]
[P5] 133 queries [40665-40797]
[P6] 133 queries [40798-40930]
[P7] 133 queries [40931-41063]
[P8] 133 queries [41064-41196]
[P9] 133 queries [41197-41329]
[P10] 133 queries [41330-41462]
[P11] 133 queries [41463-41595]
[P12] 133 queries [41596-41728]
[P13] 133 queries [41729-41861]
[P14] 133 queries [41862-41994]
[P15] 133 queries [41995-42127]
[P17] 133 queries [42261-42393]
[P16] 133 queries [42128-42260]
[P18] 133 queries [42394-42526]
[P19] 133 queries [42527-42659]
[P20] 133 queries [42660-42792]
[P21] 133 queries [42793-42925]
[P22] 133 queries [42926-43058]
[P24] 133 queries [43192-43324]
[P23] 133 queries [43059-43191]
[P25] 133 queries [43325-43457]
[P26] 133 queries [43458-43590]
[P28] 133 queries [43724-43856]
[P27] 133 queries [43591-43723]
[P29] 133 queries [43857-43989]
[P30] 133 queries [43990-44122]
[P31] 133 queries [44123-44255]
[P33] 133 queries [44389-44521]
[P32] 133 queries [44256-44388]
[P34] 133 queries [44522-44654]
[P35] 133 queries [44655-44787]
[P36] 133 queries [44788-44920]
[P37] 133 queries [44921-45053]
[P38] 133 queries [45054-45186]
[P39] 133 queries [45187-45319]
[P40] 133 queries [45320-45452]
[P41] 133 queries [45453-45585]
[P43] 133 queries [45719-45851]
[P42] 133 queries [45586-45718]
[P45] 133 queries [45985-46117]
[P44] 133 queries [45852-45984]
[P47] 133 queries [46251-46383]
[P46] 133 queries [46118-46250]
[P49] 133 queries [46517-46649]
[P48] 133 queries [46384-46516]
[P50] 133 queries [46650-46782]
[P52] 133 queries [46916-47048]
[P51] 133 queries [46783-46915]
[P53] 133 queries [47049-47181]
[P54] 133 queries [47182-47314]
[P56] 133 queries [47448-47580]
[P55] 133 queries [47315-47447]
[P57] 133 queries [47581-47713]
[P58] 133 queries [47714-47846]
[P59] 133 queries [47847-47979]
[P60] 133 queries [47980-48112]
[P62] 133 queries [48246-48378]
[P61] 133 queries [48113-48245]
[P63] 133 queries [48379-48511]
[P64] 133 queries [48512-48644]
[P65] 133 queries [48645-48777]
[P67] 133 queries [48911-49043]
[P66] 133 queries [48778-48910]
[P69] 133 queries [49177-49309]
[P68] 133 queries [49044-49176]
[P70] 133 queries [49310-49442]
[P71] 133 queries [49443-49575]
[P72] 133 queries [49576-49708]
[P73] 133 queries [49709-49841]
[P74] 158 queries [49842-49999]
[P44] 10/133  (1.6min, ETA 19.1min)
[P12] 10/133  (1.9min, ETA 22.8min)
[P57] 10/133  (1.9min, ETA 23.0min)
[P14] 10/133  (1.9min, ETA 23.3min)
[P38] 10/133  (1.9min, ETA 23.4min)
[P61] 10/133  (1.9min, ETA 23.4min)
[P1] 10/133  (1.9min, ETA 23.6min)
[P19] 10/133  (2.0min, ETA 24.3min)
[P35] 10/133  (2.0min, ETA 24.6min)
[P15] 10/133  (2.0min, ETA 24.9min)
[P29] 10/133  (2.0min, ETA 25.0min)
[P23] 10/133  (2.0min, ETA 25.1min)
[P55] 10/133  (2.0min, ETA 25.1min)
[P50] 10/133  (2.1min, ETA 25.2min)
[P10] 10/133  (2.1min, ETA 25.4min)
[P7] 10/133  (2.1min, ETA 25.6min)
[P62] 10/133  (2.1min, ETA 25.5min)
[P2] 10/133  (2.1min, ETA 26.4min)
[P46] 10/133  (2.1min, ETA 26.4min)
[P3] 10/133  (2.2min, ETA 26.5min)
[P58] 10/133  (2.2min, ETA 26.8min)
[P8] 10/133  (2.2min, ETA 27.0min)
[P43] 10/133  (2.2min, ETA 27.1min)
[P64] 10/133  (2.2min, ETA 27.0min)
[P13] 10/133  (2.2min, ETA 27.5min)
[P37] 10/133  (2.2min, ETA 27.6min)
[P70] 10/133  (2.3min, ETA 27.7min)
[P20] 10/133  (2.3min, ETA 28.0min)
[P36] 10/133  (2.3min, ETA 28.0min)
[P72] 10/133  (2.3min, ETA 28.0min)
[P63] 10/133  (2.3min, ETA 28.0min)
[P73] 10/133  (2.3min, ETA 28.5min)
[P67] 10/133  (2.3min, ETA 28.6min)
[P27] 10/133  (2.3min, ETA 28.9min)
[P31] 10/133  (2.3min, ETA 28.9min)
[P25] 10/133  (2.4min, ETA 28.9min)
[P66] 10/133  (2.3min, ETA 28.9min)
[P5] 10/133  (2.4min, ETA 29.3min)
[P16] 10/133  (2.4min, ETA 29.3min)
[P45] 10/133  (2.4min, ETA 29.6min)
[P11] 10/133  (2.4min, ETA 30.0min)
[P39] 10/133  (2.4min, ETA 30.1min)
[P59] 10/133  (2.5min, ETA 30.2min)
[P74] 10/158  (2.5min, ETA 36.3min)
[P47] 10/133  (2.5min, ETA 30.4min)
[P42] 10/133  (2.5min, ETA 30.6min)
[P60] 10/133  (2.5min, ETA 31.2min)
[P40] 10/133  (2.6min, ETA 31.4min)
[P9] 10/133  (2.6min, ETA 31.7min)
[P24] 10/133  (2.6min, ETA 32.4min)
[P17] 10/133  (2.7min, ETA 32.6min)
[P28] 10/133  (2.7min, ETA 32.6min)
[P53] 10/133  (2.7min, ETA 32.6min)
[P71] 10/133  (2.7min, ETA 32.6min)
[P48] 10/133  (2.7min, ETA 33.0min)
[P56] 10/133  (2.8min, ETA 33.8min)
[P4] 10/133  (2.8min, ETA 34.3min)
[P18] 10/133  (2.8min, ETA 34.5min)
[P54] 10/133  (2.8min, ETA 34.4min)
[P26] 10/133  (2.8min, ETA 34.8min)
[P69] 10/133  (2.9min, ETA 35.3min)
[P30] 10/133  (2.9min, ETA 35.6min)
[P41] 10/133  (2.9min, ETA 35.7min)
[P65] 10/133  (3.0min, ETA 36.5min)
[P44] 20/133  (3.0min, ETA 17.1min)
[P22] 10/133  (3.1min, ETA 38.0min)
[P6] 10/133  (3.1min, ETA 38.2min)
[P0] 10/133  (3.1min, ETA 38.4min)
[P32] 10/133  (3.1min, ETA 38.7min)
[P21] 10/133  (3.2min, ETA 39.8min)
[P33] 10/133  (3.3min, ETA 40.0min)
[P12] 20/133  (3.3min, ETA 18.5min)
[P57] 20/133  (3.5min, ETA 19.7min)
[P62] 20/133  (3.5min, ETA 19.9min)
[P61] 20/133  (3.5min, ETA 20.0min)
[P14] 20/133  (3.6min, ETA 20.3min)
[P7] 20/133  (3.7min, ETA 20.8min)
[P1] 20/133  (3.8min, ETA 21.2min)
[P70] 20/133  (3.8min, ETA 21.4min)
[P25] 20/133  (3.8min, ETA 21.5min)
[P43] 20/133  (3.8min, ETA 21.5min)
[P35] 20/133  (3.8min, ETA 21.7min)
[P64] 20/133  (3.9min, ETA 21.8min)
[P50] 20/133  (3.9min, ETA 21.8min)
[P68] 10/133  (3.9min, ETA 47.5min)
[P15] 20/133  (3.9min, ETA 22.0min)
[P3] 20/133  (3.9min, ETA 22.1min)
[P36] 20/133  (4.0min, ETA 22.5min)
[P63] 20/133  (4.0min, ETA 22.5min)
[P11] 20/133  (4.0min, ETA 22.6min)
[P58] 20/133  (4.0min, ETA 22.8min)
[P71] 20/133  (4.0min, ETA 22.8min)
[P42] 20/133  (4.0min, ETA 22.9min)
[P31] 20/133  (4.1min, ETA 22.9min)
[P55] 20/133  (4.1min, ETA 23.0min)
[P28] 20/133  (4.1min, ETA 23.1min)
[P24] 20/133  (4.1min, ETA 23.2min)
[P73] 20/133  (4.1min, ETA 23.2min)
[P60] 20/133  (4.1min, ETA 23.2min)
[P2] 20/133  (4.1min, ETA 23.3min)
[P19] 20/133  (4.1min, ETA 23.3min)
[P39] 20/133  (4.1min, ETA 23.4min)
[P27] 20/133  (4.2min, ETA 23.5min)
[P67] 20/133  (4.2min, ETA 23.5min)
[P37] 20/133  (4.2min, ETA 23.6min)
[P49] 10/133  (4.2min, ETA 51.9min)
[P40] 20/133  (4.2min, ETA 23.9min)
[P45] 20/133  (4.2min, ETA 24.0min)
[P72] 20/133  (4.3min, ETA 24.4min)
[P23] 20/133  (4.4min, ETA 24.7min)
[P74] 20/158  (4.4min, ETA 30.2min)
[P8] 20/133  (4.4min, ETA 24.9min)
[P48] 20/133  (4.4min, ETA 25.1min)
[P9] 20/133  (4.5min, ETA 25.2min)
[P47] 20/133  (4.5min, ETA 25.3min)
[P5] 20/133  (4.5min, ETA 25.4min)
[P66] 20/133  (4.5min, ETA 25.6min)
[P44] 30/133  (4.6min, ETA 15.6min)
[P38] 20/133  (4.6min, ETA 25.8min)
[P69] 20/133  (4.7min, ETA 26.3min)
[P17] 20/133  (4.7min, ETA 26.7min)
[P12] 30/133  (4.8min, ETA 16.4min)
[P4] 20/133  (4.8min, ETA 27.2min)
[P53] 20/133  (4.8min, ETA 27.4min)
[P26] 20/133  (4.9min, ETA 27.7min)
[P57] 30/133  (4.9min, ETA 16.9min)
[P59] 20/133  (4.9min, ETA 27.8min)
[P10] 20/133  (4.9min, ETA 27.9min)
[P21] 20/133  (4.9min, ETA 27.9min)
[P14] 30/133  (5.0min, ETA 17.1min)
[P56] 20/133  (5.0min, ETA 28.1min)
[P32] 20/133  (5.1min, ETA 28.6min)
[P30] 20/133  (5.1min, ETA 28.6min)
[P33] 20/133  (5.1min, ETA 28.7min)
[P61] 30/133  (5.1min, ETA 17.4min)
[P41] 20/133  (5.1min, ETA 29.0min)
[P51] 10/133  (5.2min, ETA 63.5min)
[P7] 30/133  (5.2min, ETA 17.9min)
[P6] 20/133  (5.3min, ETA 29.7min)
[P1] 30/133  (5.3min, ETA 18.2min)
[P25] 30/133  (5.3min, ETA 18.2min)
[P29] 20/133  (5.3min, ETA 30.0min)
[P43] 30/133  (5.3min, ETA 18.3min)
[P65] 20/133  (5.3min, ETA 30.1min)
[P64] 30/133  (5.4min, ETA 18.4min)
[P28] 30/133  (5.4min, ETA 18.5min)
[P36] 30/133  (5.4min, ETA 18.5min)
[P35] 30/133  (5.5min, ETA 18.8min)
[P11] 30/133  (5.5min, ETA 18.9min)
[P15] 30/133  (5.5min, ETA 18.9min)
[P22] 20/133  (5.5min, ETA 31.2min)
[P50] 30/133  (5.6min, ETA 19.1min)
[P46] 20/133  (5.6min, ETA 31.6min)
[P55] 30/133  (5.6min, ETA 19.2min)
[P24] 30/133  (5.6min, ETA 19.4min)
[P31] 30/133  (5.7min, ETA 19.5min)
[P3] 30/133  (5.7min, ETA 19.5min)
[P63] 30/133  (5.7min, ETA 19.5min)
[P58] 30/133  (5.7min, ETA 19.5min)
[P73] 30/133  (5.7min, ETA 19.5min)
[P70] 30/133  (5.7min, ETA 19.6min)
[P19] 30/133  (5.7min, ETA 19.7min)
[P0] 20/133  (5.8min, ETA 32.6min)
[P68] 20/133  (5.8min, ETA 32.6min)
[P42] 30/133  (5.8min, ETA 19.9min)
[P71] 30/133  (5.8min, ETA 19.9min)
[P39] 30/133  (5.9min, ETA 20.2min)
[P72] 30/133  (5.9min, ETA 20.2min)
[P20] 20/133  (6.0min, ETA 33.7min)
[P48] 30/133  (6.0min, ETA 20.5min)
[P27] 30/133  (6.0min, ETA 20.5min)
[P23] 30/133  (6.0min, ETA 20.6min)
[P62] 30/133  (6.0min, ETA 20.6min)
[P45] 30/133  (6.0min, ETA 20.7min)
[P34] 10/133  (6.1min, ETA 74.7min)
[P37] 30/133  (6.1min, ETA 20.9min)
[P44] 40/133  (6.1min, ETA 14.2min)
[P9] 30/133  (6.2min, ETA 21.2min)
[P5] 30/133  (6.2min, ETA 21.2min)
[P47] 30/133  (6.2min, ETA 21.3min)
[P38] 30/133  (6.3min, ETA 21.8min)
[P67] 30/133  (6.3min, ETA 21.7min)
[P2] 30/133  (6.4min, ETA 21.8min)
[P40] 30/133  (6.4min, ETA 21.9min)
[P14] 40/133  (6.5min, ETA 15.1min)
[P18] 20/133  (6.6min, ETA 37.0min)
[P21] 30/133  (6.6min, ETA 22.7min)
[P8] 30/133  (6.6min, ETA 22.8min)
[P26] 30/133  (6.7min, ETA 22.8min)
[P74] 30/158  (6.7min, ETA 28.7min)
[P33] 30/133  (6.8min, ETA 23.2min)
[P16] 20/133  (6.8min, ETA 38.5min)
[P59] 30/133  (6.8min, ETA 23.4min)
[P53] 30/133  (6.8min, ETA 23.5min)
[P57] 40/133  (6.9min, ETA 16.0min)
[P17] 30/133  (6.9min, ETA 23.8min)
[P60] 30/133  (6.9min, ETA 23.8min)
[P61] 40/133  (7.0min, ETA 16.2min)
[P66] 30/133  (7.0min, ETA 24.1min)
[P51] 20/133  (7.1min, ETA 39.9min)
[P12] 40/133  (7.1min, ETA 16.5min)
[P35] 40/133  (7.2min, ETA 16.7min)
[P54] 20/133  (7.2min, ETA 40.7min)
[P36] 40/133  (7.3min, ETA 16.9min)
[P32] 30/133  (7.4min, ETA 25.3min)
[P65] 30/133  (7.4min, ETA 25.3min)
[P25] 40/133  (7.4min, ETA 17.2min)
[P22] 30/133  (7.5min, ETA 25.7min)
[P6] 30/133  (7.5min, ETA 25.7min)
[P49] 20/133  (7.5min, ETA 42.3min)
[P56] 30/133  (7.5min, ETA 25.8min)
[P64] 40/133  (7.5min, ETA 17.5min)
[P43] 40/133  (7.6min, ETA 17.7min)
[P24] 40/133  (7.6min, ETA 17.8min)
[P58] 40/133  (7.7min, ETA 17.9min)
[P1] 40/133  (7.7min, ETA 18.0min)
[P15] 40/133  (7.7min, ETA 18.0min)
[P10] 30/133  (7.8min, ETA 26.6min)
[P41] 30/133  (7.8min, ETA 26.9min)
[P19] 40/133  (7.9min, ETA 18.3min)
[P73] 40/133  (7.9min, ETA 18.3min)
[P46] 30/133  (7.9min, ETA 27.1min)
[P63] 40/133  (8.0min, ETA 18.5min)
[P30] 30/133  (8.0min, ETA 27.4min)
[P70] 40/133  (8.0min, ETA 18.6min)
[P69] 30/133  (8.0min, ETA 27.5min)
[P7] 40/133  (8.1min, ETA 18.7min)
[P71] 40/133  (8.1min, ETA 18.8min)
[P4] 30/133  (8.1min, ETA 27.8min)
[P31] 40/133  (8.1min, ETA 18.8min)
[P3] 40/133  (8.1min, ETA 18.9min)
[P28] 40/133  (8.2min, ETA 19.2min)
[P20] 30/133  (8.4min, ETA 28.8min)
[P2] 40/133  (8.4min, ETA 19.5min)
[P27] 40/133  (8.4min, ETA 19.5min)
[P11] 40/133  (8.5min, ETA 19.8min)
[P29] 30/133  (8.5min, ETA 29.2min)
[P44] 50/133  (8.5min, ETA 14.1min)
[P72] 40/133  (8.5min, ETA 19.8min)
[P23] 40/133  (8.6min, ETA 20.0min)
[P45] 40/133  (8.6min, ETA 20.1min)
[P48] 40/133  (8.7min, ETA 20.3min)
[P38] 40/133  (8.8min, ETA 20.6min)
[P12] 50/133  (8.8min, ETA 14.7min)
[P39] 40/133  (8.9min, ETA 20.6min)
[P8] 40/133  (8.9min, ETA 20.6min)
[P14] 50/133  (9.0min, ETA 14.9min)
[P59] 40/133  (9.0min, ETA 20.9min)
[P68] 30/133  (9.0min, ETA 31.0min)
[P16] 30/133  (9.2min, ETA 31.6min)
[P74] 40/158  (9.2min, ETA 27.2min)
[P26] 40/133  (9.3min, ETA 21.5min)
[P18] 30/133  (9.3min, ETA 31.8min)
[P40] 40/133  (9.4min, ETA 21.7min)
[P37] 40/133  (9.4min, ETA 21.9min)
[P67] 40/133  (9.4min, ETA 22.0min)
[P42] 40/133  (9.5min, ETA 22.0min)
[P33] 40/133  (9.6min, ETA 22.4min)
[P62] 40/133  (9.7min, ETA 22.6min)
[P65] 40/133  (9.7min, ETA 22.6min)
[P34] 20/133  (9.7min, ETA 55.1min)
[P56] 40/133  (9.8min, ETA 22.7min)
[P60] 40/133  (9.8min, ETA 22.8min)
[P53] 40/133  (9.8min, ETA 22.8min)
[P17] 40/133  (9.8min, ETA 22.8min)
[P51] 30/133  (9.8min, ETA 33.8min)
[P9] 40/133  (9.9min, ETA 23.0min)
[P54] 30/133  (9.9min, ETA 33.9min)
[P25] 50/133  (9.9min, ETA 16.4min)
[P21] 40/133  (9.9min, ETA 23.1min)
[P61] 50/133  (9.9min, ETA 16.5min)
[P10] 40/133  (9.9min, ETA 23.1min)
[P36] 50/133  (10.0min, ETA 16.6min)
[P22] 40/133  (10.0min, ETA 23.3min)
[P57] 50/133  (10.0min, ETA 16.6min)
[P30] 40/133  (10.0min, ETA 23.4min)
[P1] 50/133  (10.1min, ETA 16.7min)
[P7] 50/133  (10.1min, ETA 16.7min)
[P64] 50/133  (10.1min, ETA 16.7min)
[P71] 50/133  (10.1min, ETA 16.7min)
[P43] 50/133  (10.1min, ETA 16.8min)
[P73] 50/133  (10.1min, ETA 16.8min)
[P15] 50/133  (10.1min, ETA 16.8min)
[P6] 40/133  (10.2min, ETA 23.6min)
[P35] 50/133  (10.2min, ETA 16.9min)
[P69] 40/133  (10.2min, ETA 23.6min)
[P11] 50/133  (10.2min, ETA 16.9min)
[P66] 40/133  (10.2min, ETA 23.7min)
[P4] 40/133  (10.3min, ETA 23.9min)
[P41] 40/133  (10.3min, ETA 23.9min)
[P19] 50/133  (10.3min, ETA 17.2min)
[P63] 50/133  (10.3min, ETA 17.1min)
[P3] 50/133  (10.4min, ETA 17.2min)
[P20] 40/133  (10.3min, ETA 24.1min)
[P46] 40/133  (10.4min, ETA 24.1min)
[P70] 50/133  (10.4min, ETA 17.3min)
[P32] 40/133  (10.5min, ETA 24.3min)
[P2] 50/133  (10.5min, ETA 17.4min)
[P12] 60/133  (10.5min, ETA 12.8min)
[P31] 50/133  (10.6min, ETA 17.6min)
[P29] 40/133  (10.6min, ETA 24.7min)
[P44] 60/133  (10.7min, ETA 13.0min)
[P28] 50/133  (10.7min, ETA 17.8min)
[P59] 50/133  (10.8min, ETA 17.8min)
[P24] 50/133  (10.8min, ETA 17.9min)
[P50] 40/133  (10.8min, ETA 25.1min)
[P47] 40/133  (10.8min, ETA 25.1min)
[P38] 50/133  (10.9min, ETA 18.0min)
[P14] 60/133  (10.9min, ETA 13.2min)
[P49] 30/133  (11.0min, ETA 37.6min)
[P45] 50/133  (11.0min, ETA 18.2min)
[P67] 50/133  (11.0min, ETA 18.3min)
[P8] 50/133  (11.0min, ETA 18.3min)
[P72] 50/133  (11.1min, ETA 18.5min)
[P39] 50/133  (11.2min, ETA 18.6min)
[P23] 50/133  (11.3min, ETA 18.8min)
[P37] 50/133  (11.4min, ETA 18.9min)
[P25] 60/133  (11.5min, ETA 14.0min)
[P18] 40/133  (11.5min, ETA 26.8min)
[P27] 50/133  (11.5min, ETA 19.1min)
[P57] 60/133  (11.5min, ETA 14.0min)
[P34] 30/133  (11.6min, ETA 39.7min)
[P61] 60/133  (11.6min, ETA 14.1min)
[P7] 60/133  (11.6min, ETA 14.1min)
[P26] 50/133  (11.6min, ETA 19.3min)
[P42] 50/133  (11.7min, ETA 19.4min)
[P74] 50/158  (11.7min, ETA 25.3min)
[P68] 40/133  (11.7min, ETA 27.2min)
[P40] 50/133  (11.7min, ETA 19.5min)
[P65] 50/133  (11.8min, ETA 19.5min)
[P53] 50/133  (11.8min, ETA 19.5min)
[P48] 50/133  (11.8min, ETA 19.5min)
[P56] 50/133  (11.8min, ETA 19.6min)
[P71] 60/133  (11.8min, ETA 14.4min)
[P17] 50/133  (11.9min, ETA 19.7min)
[P1] 60/133  (12.0min, ETA 14.6min)
[P60] 50/133  (12.0min, ETA 19.9min)
[P58] 50/133  (12.0min, ETA 19.9min)
[P51] 40/133  (12.0min, ETA 27.9min)
[P33] 50/133  (12.0min, ETA 19.9min)
[P73] 60/133  (12.0min, ETA 14.6min)
[P36] 60/133  (12.1min, ETA 14.7min)
[P30] 50/133  (12.2min, ETA 20.2min)
[P9] 50/133  (12.3min, ETA 20.4min)
[P69] 50/133  (12.3min, ETA 20.4min)
[P63] 60/133  (12.3min, ETA 14.9min)
[P4] 50/133  (12.3min, ETA 20.4min)
[P11] 60/133  (12.3min, ETA 15.0min)
[P16] 40/133  (12.3min, ETA 28.7min)
[P3] 60/133  (12.3min, ETA 15.0min)
[P44] 70/133  (12.3min, ETA 11.1min)
[P2] 60/133  (12.3min, ETA 15.0min)
[P19] 60/133  (12.3min, ETA 15.0min)
[P10] 50/133  (12.4min, ETA 20.6min)
[P43] 60/133  (12.4min, ETA 15.1min)
[P15] 60/133  (12.5min, ETA 15.2min)
[P32] 50/133  (12.5min, ETA 20.8min)
[P12] 70/133  (12.6min, ETA 11.3min)
[P24] 60/133  (12.6min, ETA 15.3min)
[P22] 50/133  (12.7min, ETA 21.0min)
[P38] 60/133  (12.7min, ETA 15.4min)
[P59] 60/133  (12.7min, ETA 15.4min)
[P46] 50/133  (12.7min, ETA 21.1min)
[P28] 60/133  (12.7min, ETA 15.5min)
[P54] 40/133  (12.7min, ETA 29.6min)
[P14] 70/133  (12.8min, ETA 11.5min)
[P45] 60/133  (12.8min, ETA 15.5min)
[P64] 60/133  (12.8min, ETA 15.5min)
[P6] 50/133  (12.8min, ETA 21.3min)
[P31] 60/133  (12.9min, ETA 15.7min)
[P35] 60/133  (13.0min, ETA 15.8min)
[P70] 60/133  (12.9min, ETA 15.7min)
[P8] 60/133  (13.1min, ETA 15.9min)
[P67] 60/133  (13.1min, ETA 15.9min)
[P66] 50/133  (13.1min, ETA 21.8min)
[P50] 50/133  (13.2min, ETA 22.0min)
[P25] 70/133  (13.4min, ETA 12.1min)
[P72] 60/133  (13.5min, ETA 16.4min)
[P23] 60/133  (13.5min, ETA 16.4min)
[P40] 60/133  (13.6min, ETA 16.5min)
[P37] 60/133  (13.6min, ETA 16.6min)
[P61] 70/133  (13.7min, ETA 12.3min)
[P20] 50/133  (13.8min, ETA 22.9min)
[P57] 70/133  (13.8min, ETA 12.4min)
[P7] 70/133  (13.8min, ETA 12.4min)
[P17] 60/133  (13.8min, ETA 16.8min)
[P62] 50/133  (13.9min, ETA 23.1min)
[P68] 50/133  (13.9min, ETA 23.1min)
[P74] 60/158  (14.0min, ETA 22.8min)
[P36] 70/133  (14.0min, ETA 12.6min)
[P34] 40/133  (14.0min, ETA 32.5min)
[P33] 60/133  (14.0min, ETA 17.0min)
[P2] 70/133  (14.0min, ETA 12.6min)
[P49] 40/133  (14.0min, ETA 32.6min)
[P65] 60/133  (14.0min, ETA 17.1min)
[P47] 50/133  (14.1min, ETA 23.4min)
[P58] 60/133  (14.1min, ETA 17.2min)
[P52] 10/133  (14.1min, ETA 173.6min)
[P73] 70/133  (14.1min, ETA 12.7min)
[P44] 80/133  (14.2min, ETA 9.4min)
[P18] 50/133  (14.3min, ETA 23.7min)
[P42] 60/133  (14.3min, ETA 17.4min)
[P60] 60/133  (14.3min, ETA 17.4min)
[P56] 60/133  (14.3min, ETA 17.4min)
[P19] 70/133  (14.3min, ETA 12.9min)
[P71] 70/133  (14.3min, ETA 12.9min)
[P16] 50/133  (14.4min, ETA 23.9min)
[P30] 60/133  (14.4min, ETA 17.6min)
[P24] 70/133  (14.5min, ETA 13.0min)
[P9] 60/133  (14.5min, ETA 17.6min)
[P21] 50/133  (14.5min, ETA 24.0min)
[P63] 70/133  (14.5min, ETA 13.0min)
[P3] 70/133  (14.5min, ETA 13.1min)
[P22] 60/133  (14.6min, ETA 17.7min)
[P11] 70/133  (14.6min, ETA 13.1min)
[P59] 70/133  (14.6min, ETA 13.1min)
[P12] 80/133  (14.6min, ETA 9.7min)
[P46] 60/133  (14.7min, ETA 17.9min)
[P51] 50/133  (14.7min, ETA 24.4min)
[P31] 70/133  (14.7min, ETA 13.2min)
[P27] 60/133  (14.8min, ETA 18.0min)
[P32] 60/133  (14.8min, ETA 18.0min)
[P45] 70/133  (14.9min, ETA 13.4min)
[P1] 70/133  (14.9min, ETA 13.4min)
[P28] 70/133  (14.9min, ETA 13.4min)
[P4] 60/133  (14.9min, ETA 18.2min)
[P39] 60/133  (15.0min, ETA 18.2min)
[P5] 40/133  (15.0min, ETA 34.9min)
[P15] 70/133  (15.0min, ETA 13.5min)
[P64] 70/133  (15.1min, ETA 13.6min)
[P8] 70/133  (15.1min, ETA 13.6min)
[P25] 80/133  (15.2min, ETA 10.1min)
[P26] 60/133  (15.2min, ETA 18.6min)
[P14] 80/133  (15.3min, ETA 10.2min)
[P43] 70/133  (15.4min, ETA 13.8min)
[P35] 70/133  (15.4min, ETA 13.9min)
[P41] 50/133  (15.4min, ETA 25.6min)
[P54] 50/133  (15.5min, ETA 25.7min)
[P50] 60/133  (15.5min, ETA 18.9min)
[P6] 60/133  (15.6min, ETA 18.9min)
[P40] 70/133  (15.6min, ETA 14.0min)
[P68] 60/133  (15.6min, ETA 19.0min)
[P10] 60/133  (15.6min, ETA 19.0min)
[P53] 60/133  (15.7min, ETA 19.1min)
[P72] 70/133  (15.7min, ETA 14.1min)
[P70] 70/133  (15.7min, ETA 14.1min)
[P66] 60/133  (15.7min, ETA 19.2min)
[P38] 70/133  (15.8min, ETA 14.2min)
[P7] 80/133  (15.8min, ETA 10.5min)
[P62] 60/133  (15.8min, ETA 19.2min)
[P67] 70/133  (15.9min, ETA 14.3min)
[P2] 80/133  (15.9min, ETA 10.6min)
[P44] 90/133  (16.0min, ETA 7.6min)
[P36] 80/133  (16.0min, ETA 10.6min)
[P49] 50/133  (16.0min, ETA 26.6min)
[P37] 70/133  (16.0min, ETA 14.4min)
[P34] 50/133  (16.1min, ETA 26.7min)
[P9] 70/133  (16.1min, ETA 14.5min)
[P61] 80/133  (16.1min, ETA 10.7min)
[P56] 70/133  (16.2min, ETA 14.6min)
[P42] 70/133  (16.3min, ETA 14.6min)
[P63] 80/133  (16.3min, ETA 10.8min)
[P24] 80/133  (16.3min, ETA 10.8min)
[P11] 80/133  (16.3min, ETA 10.8min)
[P52] 20/133  (16.3min, ETA 92.3min)
[P20] 60/133  (16.4min, ETA 19.9min)
[P18] 60/133  (16.4min, ETA 19.9min)
[P16] 60/133  (16.4min, ETA 20.0min)
[P59] 80/133  (16.4min, ETA 10.9min)
[P22] 70/133  (16.4min, ETA 14.8min)
[P71] 80/133  (16.4min, ETA 10.9min)
[P45] 80/133  (16.4min, ETA 10.9min)
[P21] 60/133  (16.5min, ETA 20.1min)
[P58] 70/133  (16.5min, ETA 14.9min)
[P47] 60/133  (16.5min, ETA 20.1min)
[P65] 70/133  (16.6min, ETA 14.9min)
[P28] 80/133  (16.6min, ETA 11.0min)
[P74] 70/158  (16.6min, ETA 20.8min)
[P27] 70/133  (16.6min, ETA 15.0min)
[P30] 70/133  (16.6min, ETA 15.0min)
[P1] 80/133  (16.6min, ETA 11.0min)
[P69] 60/133  (16.6min, ETA 20.2min)
[P33] 70/133  (16.7min, ETA 15.0min)
[P4] 70/133  (16.7min, ETA 15.1min)
[P25] 90/133  (16.8min, ETA 8.0min)
[P3] 80/133  (16.8min, ETA 11.1min)
[P51] 60/133  (16.8min, ETA 20.4min)
[P31] 80/133  (16.8min, ETA 11.1min)
[P29] 50/133  (16.9min, ETA 28.0min)
[P5] 50/133  (16.9min, ETA 28.0min)
[P73] 80/133  (16.9min, ETA 11.2min)
[P64] 80/133  (16.9min, ETA 11.2min)
[P8] 80/133  (16.9min, ETA 11.2min)
[P15] 80/133  (17.0min, ETA 11.2min)
[P6] 70/133  (17.0min, ETA 15.3min)
[P19] 80/133  (17.0min, ETA 11.3min)
[P23] 70/133  (17.1min, ETA 15.4min)
[P26] 70/133  (17.2min, ETA 15.5min)
[P35] 80/133  (17.2min, ETA 11.4min)
[P44] 100/133  (17.2min, ETA 5.7min)
[P38] 80/133  (17.3min, ETA 11.4min)
[P67] 80/133  (17.3min, ETA 11.4min)
[P41] 60/133  (17.3min, ETA 21.0min)
[P70] 80/133  (17.3min, ETA 11.5min)
[P43] 80/133  (17.3min, ETA 11.5min)
[P66] 70/133  (17.3min, ETA 15.6min)
[P40] 80/133  (17.4min, ETA 11.5min)
[P60] 70/133  (17.4min, ETA 15.6min)
[P46] 70/133  (17.4min, ETA 15.7min)
[P10] 70/133  (17.4min, ETA 15.7min)
[P2] 90/133  (17.4min, ETA 8.3min)
[P32] 70/133  (17.4min, ETA 15.7min)
[P62] 70/133  (17.5min, ETA 15.7min)
[P39] 70/133  (17.5min, ETA 15.7min)
[P14] 90/133  (17.5min, ETA 8.4min)
[P53] 70/133  (17.5min, ETA 15.8min)
[P50] 70/133  (17.6min, ETA 15.8min)
[P7] 90/133  (17.6min, ETA 8.4min)
[P54] 60/133  (17.7min, ETA 21.5min)
[P12] 90/133  (17.7min, ETA 8.5min)
[P63] 90/133  (17.8min, ETA 8.5min)
[P56] 80/133  (17.8min, ETA 11.8min)
[P42] 80/133  (17.8min, ETA 11.8min)
[P9] 80/133  (17.8min, ETA 11.8min)
[P11] 90/133  (17.8min, ETA 8.5min)
[P37] 80/133  (17.8min, ETA 11.8min)
[P24] 90/133  (17.9min, ETA 8.6min)
[P72] 80/133  (17.9min, ETA 11.9min)
[P58] 80/133  (17.9min, ETA 11.9min)
[P22] 80/133  (18.0min, ETA 11.9min)
[P71] 90/133  (18.0min, ETA 8.6min)
[P17] 70/133  (18.0min, ETA 16.2min)
[P52] 30/133  (18.0min, ETA 61.8min)
[P1] 90/133  (18.0min, ETA 8.6min)
[P68] 70/133  (18.0min, ETA 16.2min)
[P69] 70/133  (18.0min, ETA 16.2min)
[P61] 90/133  (18.1min, ETA 8.6min)
[P28] 90/133  (18.1min, ETA 8.7min)
[P34] 60/133  (18.2min, ETA 22.2min)
[P45] 90/133  (18.2min, ETA 8.7min)
[P16] 70/133  (18.3min, ETA 16.5min)
[P21] 70/133  (18.4min, ETA 16.5min)
[P51] 70/133  (18.4min, ETA 16.5min)
[P20] 70/133  (18.4min, ETA 16.6min)
[P44] 110/133  (18.5min, ETA 3.9min)
[P6] 80/133  (18.5min, ETA 12.2min)
[P3] 90/133  (18.5min, ETA 8.8min)
[P74] 80/158  (18.5min, ETA 18.0min)
[P31] 90/133  (18.5min, ETA 8.8min)
[P59] 90/133  (18.5min, ETA 8.8min)
[P25] 100/133  (18.5min, ETA 6.1min)
[P33] 80/133  (18.6min, ETA 12.3min)
[P73] 90/133  (18.7min, ETA 8.9min)
[P40] 90/133  (18.7min, ETA 8.9min)
[P30] 80/133  (18.7min, ETA 12.4min)
[P64] 90/133  (18.7min, ETA 8.9min)
[P47] 70/133  (18.7min, ETA 16.9min)
[P8] 90/133  (18.8min, ETA 9.0min)
[P18] 70/133  (18.8min, ETA 16.9min)
[P67] 90/133  (18.8min, ETA 9.0min)
[P26] 80/133  (18.8min, ETA 12.5min)
[P23] 80/133  (18.8min, ETA 12.5min)
[P35] 90/133  (18.9min, ETA 9.0min)
[P62] 80/133  (18.9min, ETA 12.5min)
[P41] 70/133  (18.9min, ETA 17.0min)
[P46] 80/133  (18.9min, ETA 12.6min)
[P19] 90/133  (19.0min, ETA 9.1min)
[P70] 90/133  (19.0min, ETA 9.1min)
[P27] 80/133  (19.0min, ETA 12.6min)
[P7] 100/133  (19.0min, ETA 6.3min)
[P60] 80/133  (19.0min, ETA 12.6min)
[P65] 80/133  (19.0min, ETA 12.6min)
[P2] 100/133  (19.1min, ETA 6.3min)
[P49] 60/133  (19.1min, ETA 23.2min)
[P32] 80/133  (19.1min, ETA 12.7min)
[P50] 80/133  (19.2min, ETA 12.7min)
[P12] 100/133  (19.2min, ETA 6.3min)
[P66] 80/133  (19.2min, ETA 12.7min)
[P10] 80/133  (19.2min, ETA 12.7min)
[P11] 100/133  (19.3min, ETA 6.4min)
[P71] 100/133  (19.3min, ETA 6.4min)
[P29] 60/133  (19.3min, ETA 23.5min)
[P39] 80/133  (19.3min, ETA 12.8min)
[P53] 80/133  (19.3min, ETA 12.8min)
[P22] 90/133  (19.3min, ETA 9.2min)
[P9] 90/133  (19.4min, ETA 9.3min)
[P43] 90/133  (19.4min, ETA 9.3min)
[P68] 80/133  (19.4min, ETA 12.9min)
[P17] 80/133  (19.5min, ETA 12.9min)
[P24] 100/133  (19.6min, ETA 6.5min)
[P72] 90/133  (19.6min, ETA 9.4min)
[P58] 90/133  (19.6min, ETA 9.4min)
[P38] 90/133  (19.6min, ETA 9.4min)
[P45] 100/133  (19.6min, ETA 6.5min)
[P63] 100/133  (19.6min, ETA 6.5min)
[P69] 80/133  (19.6min, ETA 13.0min)
[P1] 100/133  (19.7min, ETA 6.5min)
[P28] 100/133  (19.7min, ETA 6.5min)
[P44] 120/133  (19.8min, ETA 2.1min)
[P56] 90/133  (19.8min, ETA 9.5min)
[P54] 70/133  (19.9min, ETA 17.9min)
[P6] 90/133  (20.0min, ETA 9.5min)
[P51] 80/133  (20.0min, ETA 13.2min)
[P42] 90/133  (20.0min, ETA 9.6min)
[P15] 90/133  (20.0min, ETA 9.6min)
[P61] 100/133  (20.0min, ETA 6.6min)
[P59] 100/133  (20.1min, ETA 6.6min)
[P16] 80/133  (20.1min, ETA 13.3min)
[P20] 80/133  (20.1min, ETA 13.3min)
[P31] 100/133  (20.1min, ETA 6.6min)
[P21] 80/133  (20.1min, ETA 13.3min)
[P62] 90/133  (20.2min, ETA 9.7min)
[P3] 100/133  (20.2min, ETA 6.7min)
[P73] 100/133  (20.2min, ETA 6.7min)
[P14] 100/133  (20.3min, ETA 6.7min)
[P74] 90/158  (20.3min, ETA 15.4min)
[P8] 100/133  (20.3min, ETA 6.7min)
[P30] 90/133  (20.3min, ETA 9.7min)
[P40] 100/133  (20.4min, ETA 6.7min)
[P64] 100/133  (20.4min, ETA 6.7min)
[P67] 100/133  (20.5min, ETA 6.8min)
[P7] 110/133  (20.5min, ETA 4.3min)
[P46] 90/133  (20.5min, ETA 9.8min)
[P41] 80/133  (20.5min, ETA 13.6min)
[P47] 80/133  (20.5min, ETA 13.6min)
[P25] 110/133  (20.6min, ETA 4.3min)
[P37] 90/133  (20.6min, ETA 9.8min)
[P12] 110/133  (20.7min, ETA 4.3min)
[P19] 100/133  (20.7min, ETA 6.8min)
[P36] 90/133  (20.7min, ETA 9.9min)
[P35] 100/133  (20.8min, ETA 6.9min)
[P13] 20/133  (20.8min, ETA 117.7min)
[P2] 110/133  (20.9min, ETA 4.4min)
[P10] 90/133  (20.9min, ETA 10.0min)
[P71] 110/133  (20.9min, ETA 4.4min)
[P50] 90/133  (20.9min, ETA 10.0min)
[P27] 90/133  (20.9min, ETA 10.0min)
[P60] 90/133  (20.9min, ETA 10.0min)
[P11] 110/133  (21.0min, ETA 4.4min)
[P22] 100/133  (21.0min, ETA 6.9min)
[P23] 90/133  (21.0min, ETA 10.0min)
[P38] 100/133  (21.0min, ETA 6.9min)
[P43] 100/133  (21.0min, ETA 6.9min)
[P34] 70/133  (21.0min, ETA 18.9min)
[P63] 110/133  (21.0min, ETA 4.4min)
[P33] 90/133  (21.1min, ETA 10.1min)
[P45] 110/133  (21.1min, ETA 4.4min)
[P24] 110/133  (21.1min, ETA 4.4min)
[P70] 100/133  (21.2min, ETA 7.0min)
[P69] 90/133  (21.2min, ETA 10.1min)
[P1] 110/133  (21.2min, ETA 4.4min)
[P72] 100/133  (21.2min, ETA 7.0min)
[P18] 80/133  (21.2min, ETA 14.1min)
[P17] 90/133  (21.3min, ETA 10.2min)
[P58] 100/133  (21.3min, ETA 7.0min)
[P9] 100/133  (21.3min, ETA 7.0min)
[P44] 130/133  (21.3min, ETA 0.5min)
[P4] 80/133  (21.3min, ETA 14.1min)
[P39] 90/133  (21.4min, ETA 10.2min)
[P5] 60/133  (21.5min, ETA 26.1min)
[P29] 70/133  (21.5min, ETA 19.3min)
[P6] 100/133  (21.5min, ETA 7.1min)
[P61] 110/133  (21.5min, ETA 4.5min)
[P32] 90/133  (21.5min, ETA 10.3min)
[P51] 90/133  (21.5min, ETA 10.3min)
[P66] 90/133  (21.6min, ETA 10.3min)
[P42] 100/133  (21.6min, ETA 7.1min)
[P65] 90/133  (21.7min, ETA 10.4min)
[P44] 133/133  (21.7min, ETA 0.0min)
[P44] DONE in 21.7min
[P62] 100/133  (21.7min, ETA 7.2min)
[P56] 100/133  (21.7min, ETA 7.2min)
[P20] 90/133  (21.8min, ETA 10.4min)
[P26] 90/133  (21.8min, ETA 10.4min)
[P73] 110/133  (21.8min, ETA 4.6min)
[P15] 100/133  (21.8min, ETA 7.2min)
[P3] 110/133  (21.8min, ETA 4.6min)
[P8] 110/133  (21.8min, ETA 4.6min)
[P14] 110/133  (21.8min, ETA 4.6min)
[P59] 110/133  (21.8min, ETA 4.6min)
[P46] 100/133  (21.8min, ETA 7.2min)
[P31] 110/133  (21.9min, ETA 4.6min)
[P7] 120/133  (22.0min, ETA 2.4min)
[P74] 100/158  (22.0min, ETA 12.8min)
[P30] 100/133  (22.0min, ETA 7.3min)
[P25] 120/133  (22.1min, ETA 2.4min)
[P21] 90/133  (22.1min, ETA 10.6min)
[P40] 110/133  (22.1min, ETA 4.6min)
[P41] 90/133  (22.2min, ETA 10.6min)
[P12] 120/133  (22.3min, ETA 2.4min)
[P2] 120/133  (22.3min, ETA 2.4min)
[P35] 110/133  (22.3min, ETA 4.7min)
[P64] 110/133  (22.3min, ETA 4.7min)
[P28] 110/133  (22.3min, ETA 4.7min)
[P54] 80/133  (22.3min, ETA 14.8min)
[P37] 100/133  (22.3min, ETA 7.4min)
[P16] 90/133  (22.4min, ETA 10.7min)
[P49] 70/133  (22.4min, ETA 20.2min)
[P19] 110/133  (22.5min, ETA 4.7min)
[P33] 100/133  (22.5min, ETA 7.4min)
[P13] 30/133  (22.6min, ETA 77.5min)
[P67] 110/133  (22.6min, ETA 4.7min)
[P10] 100/133  (22.6min, ETA 7.5min)
[P63] 120/133  (22.6min, ETA 2.4min)
[P52] 40/133  (22.6min, ETA 52.5min)
[P36] 100/133  (22.6min, ETA 7.5min)
[P69] 100/133  (22.6min, ETA 7.5min)
[P38] 110/133  (22.7min, ETA 4.7min)
[P47] 90/133  (22.7min, ETA 10.8min)
[P45] 120/133  (22.7min, ETA 2.5min)
[P50] 100/133  (22.8min, ETA 7.5min)
[P72] 110/133  (22.8min, ETA 4.8min)
[P70] 110/133  (22.8min, ETA 4.8min)
[P61] 120/133  (22.9min, ETA 2.5min)
[P23] 100/133  (22.9min, ETA 7.6min)
[P53] 90/133  (22.9min, ETA 10.9min)
[P34] 80/133  (22.9min, ETA 15.2min)
[P58] 110/133  (22.9min, ETA 4.8min)
[P11] 120/133  (22.9min, ETA 2.5min)
[P51] 100/133  (23.0min, ETA 7.6min)
[P1] 120/133  (23.0min, ETA 2.5min)
[P4] 90/133  (23.0min, ETA 11.0min)
[P39] 100/133  (23.1min, ETA 7.6min)
[P18] 90/133  (23.1min, ETA 11.1min)
[P46] 110/133  (23.2min, ETA 4.8min)
[P14] 120/133  (23.2min, ETA 2.5min)
[P43] 110/133  (23.2min, ETA 4.9min)
[P9] 110/133  (23.2min, ETA 4.9min)
[P60] 100/133  (23.2min, ETA 7.7min)
[P20] 100/133  (23.3min, ETA 7.7min)
[P66] 100/133  (23.3min, ETA 7.7min)
[P29] 80/133  (23.3min, ETA 15.4min)
[P24] 120/133  (23.4min, ETA 2.5min)
[P73] 120/133  (23.4min, ETA 2.5min)
[P6] 110/133  (23.4min, ETA 4.9min)
[P26] 100/133  (23.5min, ETA 7.7min)
[P30] 110/133  (23.5min, ETA 4.9min)
[P8] 120/133  (23.5min, ETA 2.5min)
[P59] 120/133  (23.5min, ETA 2.5min)
[P65] 100/133  (23.5min, ETA 7.8min)
[P71] 120/133  (23.5min, ETA 2.5min)
[P42] 110/133  (23.6min, ETA 4.9min)
[P7] 130/133  (23.6min, ETA 0.5min)
[P40] 120/133  (23.6min, ETA 2.6min)
[P74] 110/158  (23.6min, ETA 10.3min)
[P32] 100/133  (23.7min, ETA 7.8min)
[P5] 70/133  (23.7min, ETA 21.3min)
[P56] 110/133  (23.7min, ETA 5.0min)
[P2] 130/133  (23.7min, ETA 0.5min)
[P28] 120/133  (23.7min, ETA 2.6min)
[P27] 100/133  (23.8min, ETA 7.8min)
[P12] 130/133  (23.8min, ETA 0.5min)
[P31] 120/133  (23.8min, ETA 2.6min)
[P25] 130/133  (23.9min, ETA 0.6min)
[P22] 110/133  (23.9min, ETA 5.0min)
[P41] 100/133  (23.9min, ETA 7.9min)
[P21] 100/133  (23.9min, ETA 7.9min)
[P62] 110/133  (23.9min, ETA 5.0min)
[P15] 110/133  (24.0min, ETA 5.0min)
[P38] 120/133  (24.0min, ETA 2.6min)
[P57] 80/133  (24.0min, ETA 15.9min)
[P35] 120/133  (24.0min, ETA 2.6min)
[P63] 130/133  (24.0min, ETA 0.6min)
[P17] 100/133  (24.1min, ETA 7.9min)
[P13] 40/133  (24.1min, ETA 56.0min)
[P7] 133/133  (24.1min, ETA 0.0min)
[P7] DONE in 24.1min
[P68] 90/133  (24.1min, ETA 11.5min)
[P49] 80/133  (24.1min, ETA 16.0min)
[P3] 120/133  (24.1min, ETA 2.6min)
[P16] 100/133  (24.2min, ETA 8.0min)
[P10] 110/133  (24.2min, ETA 5.1min)
[P37] 110/133  (24.2min, ETA 5.1min)
[P36] 110/133  (24.2min, ETA 5.1min)
[P12] 133/133  (24.2min, ETA 0.0min)
[P12] DONE in 24.2min
[P54] 90/133  (24.2min, ETA 11.6min)
[P33] 110/133  (24.3min, ETA 5.1min)
[P2] 133/133  (24.3min, ETA 0.0min)
[P2] DONE in 24.3min
[P67] 120/133  (24.3min, ETA 2.6min)
[P25] 133/133  (24.3min, ETA 0.0min)
[P25] DONE in 24.3min
[P23] 110/133  (24.3min, ETA 5.1min)
[P64] 120/133  (24.3min, ETA 2.6min)
[P52] 50/133  (24.3min, ETA 40.4min)
[P50] 110/133  (24.3min, ETA 5.1min)
[P11] 130/133  (24.5min, ETA 0.6min)
[P61] 130/133  (24.5min, ETA 0.6min)
[P4] 100/133  (24.5min, ETA 8.1min)
[P69] 110/133  (24.5min, ETA 5.1min)
[P72] 120/133  (24.5min, ETA 2.7min)
[P70] 120/133  (24.6min, ETA 2.7min)
[P1] 130/133  (24.6min, ETA 0.6min)
[P63] 133/133  (24.6min, ETA 0.0min)
[P63] DONE in 24.6min
[P53] 100/133  (24.6min, ETA 8.1min)
[P51] 110/133  (24.6min, ETA 5.1min)
[P34] 90/133  (24.6min, ETA 11.8min)
[P46] 120/133  (24.7min, ETA 2.7min)
[P39] 110/133  (24.7min, ETA 5.2min)
[P47] 100/133  (24.7min, ETA 8.2min)
[P60] 110/133  (24.8min, ETA 5.2min)
[P19] 120/133  (24.8min, ETA 2.7min)
[P43] 120/133  (24.8min, ETA 2.7min)
[P9] 120/133  (24.8min, ETA 2.7min)
[P61] 133/133  (24.9min, ETA 0.0min)
[P61] DONE in 24.9min
[P24] 130/133  (24.9min, ETA 0.6min)
[P30] 120/133  (24.9min, ETA 2.7min)
[P73] 130/133  (24.9min, ETA 0.6min)
[P65] 110/133  (25.0min, ETA 5.2min)
[P66] 110/133  (25.0min, ETA 5.2min)
[P20] 110/133  (25.0min, ETA 5.2min)
[P29] 90/133  (25.0min, ETA 12.0min)
[P8] 130/133  (25.1min, ETA 0.6min)
[P26] 110/133  (25.1min, ETA 5.2min)
[P74] 120/158  (25.1min, ETA 7.9min)
[P1] 133/133  (25.1min, ETA 0.0min)
[P1] DONE in 25.1min
[P11] 133/133  (25.1min, ETA 0.0min)
[P11] DONE in 25.1min
[P45] 130/133  (25.1min, ETA 0.6min)
[P40] 130/133  (25.2min, ETA 0.6min)
[P42] 120/133  (25.2min, ETA 2.7min)
[P71] 130/133  (25.2min, ETA 0.6min)
[P6] 120/133  (25.2min, ETA 2.7min)
[P56] 120/133  (25.2min, ETA 2.7min)
[P27] 110/133  (25.3min, ETA 5.3min)
[P24] 133/133  (25.3min, ETA 0.0min)
[P24] DONE in 25.3min
[P62] 120/133  (25.3min, ETA 2.7min)
[P18] 100/133  (25.3min, ETA 8.4min)
[P58] 120/133  (25.3min, ETA 2.7min)
[P57] 90/133  (25.4min, ETA 12.1min)
[P73] 133/133  (25.4min, ETA 0.0min)
[P73] DONE in 25.4min
[P14] 130/133  (25.4min, ETA 0.6min)
[P5] 80/133  (25.4min, ETA 16.8min)
[P59] 130/133  (25.4min, ETA 0.6min)
[P21] 110/133  (25.4min, ETA 5.3min)
[P38] 130/133  (25.5min, ETA 0.6min)
[P8] 133/133  (25.5min, ETA 0.0min)
[P8] DONE in 25.5min
[P13] 50/133  (25.5min, ETA 42.3min)
[P45] 133/133  (25.5min, ETA 0.0min)
[P45] DONE in 25.5min
[P32] 110/133  (25.6min, ETA 5.3min)
[P3] 130/133  (25.6min, ETA 0.6min)
[P10] 120/133  (25.6min, ETA 2.8min)
[P40] 133/133  (25.6min, ETA 0.0min)
[P40] DONE in 25.6min
[P15] 120/133  (25.7min, ETA 2.8min)
[P22] 120/133  (25.7min, ETA 2.8min)
[P35] 130/133  (25.7min, ETA 0.6min)
[P33] 120/133  (25.7min, ETA 2.8min)
[P16] 110/133  (25.8min, ETA 5.4min)
[P41] 110/133  (25.8min, ETA 5.4min)
[P69] 120/133  (25.8min, ETA 2.8min)
[P50] 120/133  (25.9min, ETA 2.8min)
[P67] 130/133  (25.9min, ETA 0.6min)
[P71] 133/133  (26.0min, ETA 0.0min)
[P71] DONE in 26.0min
[P14] 133/133  (26.0min, ETA 0.0min)
[P14] DONE in 26.0min
[P52] 60/133  (26.0min, ETA 31.6min)
[P3] 133/133  (26.0min, ETA 0.0min)
[P3] DONE in 26.0min
[P51] 120/133  (26.1min, ETA 2.8min)
[P38] 133/133  (26.1min, ETA 0.0min)
[P38] DONE in 26.1min
[P72] 130/133  (26.1min, ETA 0.6min)
[P68] 100/133  (26.1min, ETA 8.6min)
[P39] 120/133  (26.1min, ETA 2.8min)
[P35] 133/133  (26.1min, ETA 0.0min)
[P35] DONE in 26.1min
[P36] 120/133  (26.2min, ETA 2.8min)
[P46] 130/133  (26.2min, ETA 0.6min)
[P23] 120/133  (26.2min, ETA 2.8min)
[P37] 120/133  (26.2min, ETA 2.8min)
[P59] 133/133  (26.2min, ETA 0.0min)
[P59] DONE in 26.2min
[P49] 90/133  (26.3min, ETA 12.6min)
[P17] 110/133  (26.3min, ETA 5.5min)
[P74] 130/158  (26.4min, ETA 5.7min)
[P34] 100/133  (26.4min, ETA 8.7min)
[P43] 130/133  (26.4min, ETA 0.6min)
[P53] 110/133  (26.4min, ETA 5.5min)
[P67] 133/133  (26.4min, ETA 0.0min)
[P67] DONE in 26.4min
[P54] 100/133  (26.4min, ETA 8.7min)
[P56] 130/133  (26.5min, ETA 0.6min)
[P60] 120/133  (26.5min, ETA 2.9min)
[P72] 133/133  (26.5min, ETA 0.0min)
[P72] DONE in 26.5min
[P20] 120/133  (26.5min, ETA 2.9min)
[P46] 133/133  (26.5min, ETA 0.0min)
[P46] DONE in 26.5min
[P19] 130/133  (26.6min, ETA 0.6min)
[P47] 110/133  (26.6min, ETA 5.6min)
[P57] 100/133  (26.6min, ETA 8.8min)
[P9] 130/133  (26.6min, ETA 0.6min)
[P30] 130/133  (26.6min, ETA 0.6min)
[P42] 130/133  (26.6min, ETA 0.6min)
[P70] 130/133  (26.6min, ETA 0.6min)
[P28] 130/133  (26.6min, ETA 0.6min)
[P26] 120/133  (26.6min, ETA 2.9min)
[P58] 130/133  (26.7min, ETA 0.6min)
[P27] 120/133  (26.8min, ETA 2.9min)
[P64] 130/133  (26.8min, ETA 0.6min)
[P13] 60/133  (26.8min, ETA 32.6min)
[P6] 130/133  (26.8min, ETA 0.6min)
[P18] 110/133  (26.8min, ETA 5.6min)
[P43] 133/133  (26.8min, ETA 0.0min)
[P43] DONE in 26.8min
[P21] 120/133  (26.9min, ETA 2.9min)
[P10] 130/133  (26.9min, ETA 0.6min)
[P56] 133/133  (26.9min, ETA 0.0min)
[P56] DONE in 26.9min
[P48] 60/133  (27.0min, ETA 32.8min)
[P65] 120/133  (27.0min, ETA 2.9min)
[P62] 130/133  (27.0min, ETA 0.6min)
[P70] 133/133  (27.0min, ETA 0.0min)
[P70] DONE in 27.0min
[P28] 133/133  (27.0min, ETA 0.0min)
[P28] DONE in 27.0min
[P19] 133/133  (27.0min, ETA 0.0min)
[P19] DONE in 27.0min
[P9] 133/133  (27.0min, ETA 0.0min)
[P9] DONE in 27.0min
[P5] 90/133  (27.0min, ETA 12.9min)
[P31] 130/133  (27.0min, ETA 0.6min)
[P32] 120/133  (27.1min, ETA 2.9min)
[P30] 133/133  (27.1min, ETA 0.0min)
[P30] DONE in 27.1min
[P6] 133/133  (27.2min, ETA 0.0min)
[P6] DONE in 27.2min
[P42] 133/133  (27.2min, ETA 0.0min)
[P42] DONE in 27.2min
[P10] 133/133  (27.2min, ETA 0.0min)
[P10] DONE in 27.2min
[P66] 120/133  (27.2min, ETA 2.9min)
[P64] 133/133  (27.2min, ETA 0.0min)
[P64] DONE in 27.2min
[P41] 120/133  (27.3min, ETA 3.0min)
[P62] 133/133  (27.3min, ETA 0.0min)
[P62] DONE in 27.3min
[P22] 130/133  (27.4min, ETA 0.6min)
[P58] 133/133  (27.4min, ETA 0.0min)
[P58] DONE in 27.4min
[P50] 130/133  (27.4min, ETA 0.6min)
[P16] 120/133  (27.4min, ETA 3.0min)
[P52] 70/133  (27.4min, ETA 24.7min)
[P68] 110/133  (27.5min, ETA 5.7min)
[P69] 130/133  (27.5min, ETA 0.6min)
[P51] 130/133  (27.6min, ETA 0.6min)
[P37] 130/133  (27.6min, ETA 0.6min)
[P31] 133/133  (27.6min, ETA 0.0min)
[P31] DONE in 27.6min
[P39] 130/133  (27.6min, ETA 0.6min)
[P15] 130/133  (27.6min, ETA 0.6min)
[P74] 140/158  (27.7min, ETA 3.6min)
[P33] 130/133  (27.7min, ETA 0.6min)
[P23] 130/133  (27.7min, ETA 0.6min)
[P50] 133/133  (27.7min, ETA 0.0min)
[P50] DONE in 27.7min
[P36] 130/133  (27.7min, ETA 0.6min)
[P34] 110/133  (27.9min, ETA 5.8min)
[P69] 133/133  (27.9min, ETA 0.0min)
[P69] DONE in 27.9min
[P54] 110/133  (27.9min, ETA 5.8min)
[P60] 130/133  (27.9min, ETA 0.6min)
[P20] 130/133  (28.0min, ETA 0.6min)
[P39] 133/133  (28.0min, ETA 0.0min)
[P39] DONE in 28.0min
[P53] 120/133  (28.0min, ETA 3.0min)
[P17] 120/133  (28.0min, ETA 3.0min)
[P26] 130/133  (28.0min, ETA 0.6min)
[P23] 133/133  (28.1min, ETA 0.0min)
[P23] DONE in 28.1min
[P37] 133/133  (28.1min, ETA 0.0min)
[P37] DONE in 28.1min
[P15] 133/133  (28.1min, ETA 0.0min)
[P15] DONE in 28.1min
[P33] 133/133  (28.1min, ETA 0.0min)
[P33] DONE in 28.1min
[P18] 120/133  (28.1min, ETA 3.0min)
[P22] 133/133  (28.2min, ETA 0.0min)
[P22] DONE in 28.2min
[P36] 133/133  (28.3min, ETA 0.0min)
[P36] DONE in 28.3min
[P5] 100/133  (28.3min, ETA 9.3min)
[P13] 70/133  (28.3min, ETA 25.5min)
[P20] 133/133  (28.3min, ETA 0.0min)
[P20] DONE in 28.3min
[P51] 133/133  (28.3min, ETA 0.0min)
[P51] DONE in 28.3min
[P27] 130/133  (28.3min, ETA 0.7min)
[P26] 133/133  (28.4min, ETA 0.0min)
[P26] DONE in 28.4min
[P57] 110/133  (28.4min, ETA 5.9min)
[P65] 130/133  (28.4min, ETA 0.7min)
[P32] 130/133  (28.5min, ETA 0.7min)
[P47] 120/133  (28.6min, ETA 3.1min)
[P21] 130/133  (28.7min, ETA 0.7min)
[P16] 130/133  (28.7min, ETA 0.7min)
[P68] 120/133  (28.8min, ETA 3.1min)
[P41] 130/133  (28.8min, ETA 0.7min)
[P66] 130/133  (28.8min, ETA 0.7min)
[P60] 133/133  (28.8min, ETA 0.0min)
[P60] DONE in 28.8min
[P52] 80/133  (28.9min, ETA 19.1min)
[P65] 133/133  (28.9min, ETA 0.0min)
[P65] DONE in 28.9min
[P21] 133/133  (29.1min, ETA 0.0min)
[P21] DONE in 29.1min
[P29] 100/133  (29.1min, ETA 9.6min)
[P74] 150/158  (29.2min, ETA 1.6min)
[P16] 133/133  (29.2min, ETA 0.0min)
[P16] DONE in 29.2min
[P41] 133/133  (29.2min, ETA 0.0min)
[P41] DONE in 29.2min
[P66] 133/133  (29.2min, ETA 0.0min)
[P66] DONE in 29.2min
[P27] 133/133  (29.3min, ETA 0.0min)
[P27] DONE in 29.3min
[P49] 100/133  (29.3min, ETA 9.7min)
[P32] 133/133  (29.4min, ETA 0.0min)
[P32] DONE in 29.4min
[P13] 80/133  (29.4min, ETA 19.5min)
[P54] 120/133  (29.5min, ETA 3.2min)
[P34] 120/133  (29.5min, ETA 3.2min)
[P53] 130/133  (29.6min, ETA 0.7min)
[P18] 130/133  (29.7min, ETA 0.7min)
[P17] 130/133  (29.9min, ETA 0.7min)
[P57] 120/133  (29.8min, ETA 3.2min)
[P68] 130/133  (29.9min, ETA 0.7min)
[P0] 30/133  (30.0min, ETA 102.9min)
[P53] 133/133  (30.0min, ETA 0.0min)
[P53] DONE in 30.0min
[P5] 110/133  (30.0min, ETA 6.3min)
[P52] 90/133  (30.0min, ETA 14.3min)
[P18] 133/133  (30.1min, ETA 0.0min)
[P18] DONE in 30.1min
[P74] 158/158  (30.2min, ETA 0.0min)
[P74] DONE in 30.2min
[P68] 133/133  (30.3min, ETA 0.0min)
[P68] DONE in 30.3min
[P34] 130/133  (30.7min, ETA 0.7min)
[P54] 130/133  (30.7min, ETA 0.7min)
[P17] 133/133  (30.7min, ETA 0.0min)
[P17] DONE in 30.7min
[P57] 130/133  (31.0min, ETA 0.7min)
[P0] 40/133  (31.1min, ETA 72.3min)
[P29] 110/133  (31.1min, ETA 6.5min)
[P34] 133/133  (31.1min, ETA 0.0min)
[P34] DONE in 31.1min
[P54] 133/133  (31.1min, ETA 0.0min)
[P54] DONE in 31.1min
[P47] 130/133  (31.2min, ETA 0.7min)
[P52] 100/133  (31.3min, ETA 10.3min)
[P5] 120/133  (31.3min, ETA 3.4min)
[P57] 133/133  (31.3min, ETA 0.0min)
[P57] DONE in 31.3min
[P47] 133/133  (31.6min, ETA 0.0min)
[P47] DONE in 31.6min
[P5] 130/133  (32.4min, ETA 0.7min)
[P29] 120/133  (32.4min, ETA 3.5min)
[P52] 110/133  (32.5min, ETA 6.8min)
[P0] 50/133  (32.6min, ETA 54.2min)
[P5] 133/133  (32.7min, ETA 0.0min)
[P5] DONE in 32.7min
[P13] 90/133  (33.1min, ETA 15.8min)
[P49] 110/133  (33.1min, ETA 6.9min)
[P52] 120/133  (33.5min, ETA 3.6min)
[P29] 130/133  (33.6min, ETA 0.8min)
[P0] 60/133  (33.8min, ETA 41.1min)
[P29] 133/133  (34.5min, ETA 0.0min)
[P29] DONE in 34.5min
[P52] 130/133  (34.6min, ETA 0.8min)
[P13] 100/133  (34.7min, ETA 11.4min)
[P48] 70/133  (34.7min, ETA 31.3min)
[P49] 120/133  (34.9min, ETA 3.8min)
[P4] 110/133  (35.0min, ETA 7.3min)
[P0] 70/133  (35.0min, ETA 31.5min)
[P52] 133/133  (35.0min, ETA 0.0min)
[P52] DONE in 35.0min
[P13] 110/133  (35.8min, ETA 7.5min)
[P49] 130/133  (36.0min, ETA 0.8min)
[P4] 120/133  (36.3min, ETA 3.9min)
[P49] 133/133  (36.4min, ETA 0.0min)
[P49] DONE in 36.4min
[P48] 80/133  (36.6min, ETA 24.3min)
[P0] 80/133  (36.8min, ETA 24.4min)
[P13] 120/133  (37.0min, ETA 4.0min)
[P4] 130/133  (37.6min, ETA 0.9min)
[P4] 133/133  (37.9min, ETA 0.0min)
[P4] DONE in 37.9min
[P0] 90/133  (37.9min, ETA 18.1min)
[P13] 130/133  (38.2min, ETA 0.9min)
[P13] 133/133  (38.5min, ETA 0.0min)
[P13] DONE in 38.5min
[P48] 90/133  (38.6min, ETA 18.4min)
[P0] 100/133  (39.0min, ETA 12.9min)
[P48] 100/133  (39.8min, ETA 13.1min)
[P0] 110/133  (40.3min, ETA 8.4min)
[P0] 120/133  (42.0min, ETA 4.5min)
[P48] 110/133  (42.0min, ETA 8.8min)
[P0] 130/133  (43.2min, ETA 1.0min)
[P0] 133/133  (43.6min, ETA 0.0min)
[P0] DONE in 43.6min
[P48] 120/133  (44.4min, ETA 4.8min)
[P48] 130/133  (46.6min, ETA 1.1min)
[P48] 133/133  (47.5min, ETA 0.0min)
[P48] DONE in 47.5min
[P55] 40/133  (53.2min, ETA 123.7min)
[P55] 50/133  (54.5min, ETA 90.5min)
[P55] 60/133  (55.6min, ETA 67.7min)
[P55] 70/133  (57.0min, ETA 51.3min)
[P55] 80/133  (58.1min, ETA 38.5min)
[P55] 90/133  (59.1min, ETA 28.2min)
[P55] 100/133  (60.2min, ETA 19.9min)
[P55] 110/133  (62.0min, ETA 13.0min)
[P55] 120/133  (63.1min, ETA 6.8min)
[P55] 130/133  (64.3min, ETA 1.5min)
[P55] 133/133  (64.7min, ETA 0.0min)
[P55] DONE in 64.7min

Total time: 1.08h
Output: /raid/ruban/hpmlproj/groundtruth/lakes-shapely-50K/
