dataset=full | qt=(233773, 18220) | corpus=(187019, 18220) | queries=(46754, 18220)
qt_norm loaded from cache (233773, 18220) in 6.4s
full: corpus=187019 queries=46754 in=18220
random projection refs...
  done: random-proj
  done: random-proj
  done: random-proj
funnel-triplet-512 layers...
  done: funnel-tri512: 4096
  done: funnel-tri512: 1024
  done: funnel-tri512: 512-OUT
matryoshka-triplet layers...
  done: matry-tri: first-4096
  done: matry-tri: out-4096
matryoshka-infonce layers...
  done: matry-inf: first-4096
  done: matry-inf: out-4096

==================== LOSS-DAMAGE ANALYSIS (full set) ====================
embedding / layer         dim loss?   R@500   sp@30  sp@100  sp@500
random-proj              1024no-train  0.7444   0.854   0.896   0.938
random-proj              2048no-train  0.7572   0.873   0.911   0.942
random-proj              4096no-train  0.7701   0.874   0.914   0.946
funnel-tri512: 4096      4096    NO  0.8162   0.756   0.830   0.937
funnel-tri512: 1024      1024    NO  0.7753   0.675   0.779   0.919
funnel-tri512: 512-OUT    512   YES  0.6522   0.143   0.405   0.817
matry-tri: first-4096    4096    NO  0.7966   0.476   0.637   0.895
matry-tri: out-4096      4096   YES  0.6922   0.112   0.390   0.823
matry-inf: first-4096    4096    NO  0.8319   0.832   0.887   0.949
matry-inf: out-4096      4096   YES  0.7522   0.710   0.796   0.921
done
