======== 2026-06-16 20:17:42 ========
[TRIPLET] RUNNING
ep04/75 loss=0.1760 main=0.1760 rec=0.0000 viol=0.857 27.1min eta=480.3min
ep05/75:  42%|█████████████████████████▊                                   | 530/1255 [02:45<03:48,  3.17it/s][INFOCCE] RUNNING
(no epoch summary yet)
ep01/18:  25%|██████████████▊                                             | 2435/9867 [07:38<22:46,  5.44it/s]======== 2026-06-16 20:17:42 ========
[TRIPLET] RUNNING
ep04/75 loss=0.1760 main=0.1760 rec=0.0000 viol=0.857 27.1min eta=480.3min
ep05/75:  42%|█████████████████████████▊                                   | 530/1255 [02:45<03:48,  3.17it/s][INFOCCE] RUNNING
ep01/18:  25%|██████████████▊                                             | 2435/9867 [07:38<22:46,  5.44it/s]0, 40112 MiB, 61 % 1, 2456 MiB, 12 %|2, 2456 MiB, 8 % 3, 2312 MiB, 13 % 4, 40056 MiB, 76 %|5, 2456 MiB, 12 % 6, 2456 MiB, 13 % 7, 2312 MiB, 13 %

======== 2026-06-16 20:22:43 ========
[TRIPLET] RUNNING
ep05/75 loss=0.1751 main=0.1751 rec=0.0000 viol=0.852 33.7min eta=471.6min
ep06/75:  15%|█████████▍                                                   | 194/1255 [01:01<05:33,  3.18it/s][INFOCCE] RUNNING
ep01/18:  41%|████████████████████████▍                                   | 4014/9867 [12:36<18:08,  5.38it/s]0, 40112 MiB, 38 % 1, 2456 MiB, 0 %|2, 2456 MiB, 6 % 3, 2312 MiB, 13 % 4, 40056 MiB, 72 %|5, 2456 MiB, 18 % 6, 2456 MiB, 12 % 7, 2312 MiB, 21 %

======== 2026-06-16 20:27:43 ========
[TRIPLET] RUNNING
ep05/75 loss=0.1751 main=0.1751 rec=0.0000 viol=0.852 33.7min eta=471.6min
ep06/75:  94%|████████████████████████████████████████████████████████▍   | 1181/1255 [06:10<00:23,  3.12it/s][INFOCCE] RUNNING
ep01/18:  57%|██████████████████████████████████▍                         | 5672/9867 [17:42<12:49,  5.45it/s]0, 40112 MiB, 40 % 1, 2456 MiB, 13 %|2, 2456 MiB, 12 % 3, 2312 MiB, 9 % 4, 40056 MiB, 59 %|5, 2456 MiB, 12 % 6, 2456 MiB, 13 % 7, 2312 MiB, 9 %

======== 2026-06-16 20:32:44 ========
[TRIPLET] RUNNING
ep06/75 loss=0.1744 main=0.1744 rec=0.0000 viol=0.845 40.3min eta=463.1min
ep07/75:  67%|█████████████████████████████████████████                    | 844/1255 [04:28<02:12,  3.10it/s][INFOCCE] RUNNING
ep01/18:  74%|████████████████████████████████████████████▏               | 7274/9867 [22:38<08:00,  5.40it/s]0, 40112 MiB, 48 % 1, 2456 MiB, 0 %|2, 2456 MiB, 0 % 3, 2312 MiB, 13 % 4, 40056 MiB, 82 %|5, 2456 MiB, 12 % 6, 2456 MiB, 13 % 7, 2312 MiB, 13 %

======== 2026-06-16 20:37:44 ========
[TRIPLET] RUNNING
ep07/75 loss=0.1732 main=0.1732 rec=0.0000 viol=0.836 47.0min eta=456.2min
ep08/75:  44%|██████████████████████████▊                                  | 552/1255 [02:55<03:44,  3.14it/s][INFOCCE] RUNNING
ep01/18:  90%|██████████████████████████████████████████████████████▎     | 8922/9867 [27:44<02:53,  5.43it/s]0, 40112 MiB, 38 % 1, 2456 MiB, 13 %|2, 2456 MiB, 13 % 3, 2312 MiB, 0 % 4, 40056 MiB, 71 %|5, 2456 MiB, 12 % 6, 2456 MiB, 12 % 7, 2312 MiB, 11 %

======== 2026-06-16 20:42:44 ========
[TRIPLET] RUNNING
ep08/75 loss=0.1724 main=0.1724 rec=0.0000 viol=0.831 53.6min eta=449.0min
ep09/75:  18%|██████████▉                                                  | 226/1255 [01:11<05:26,  3.15it/s][INFOCCE] RUNNING
ep01/18 loss=1.5851 main=1.5851 rec=0.0000 acc=0.539 30.7min eta=521.4min
ep02/18:   7%|████                                                         | 648/9867 [02:02<28:39,  5.36it/s]0, 40112 MiB, 76 % 1, 2456 MiB, 12 %|2, 2456 MiB, 13 % 3, 2312 MiB, 17 % 4, 40056 MiB, 79 %|5, 2456 MiB, 12 % 6, 2456 MiB, 20 % 7, 2312 MiB, 13 %

======== 2026-06-16 20:47:45 ========
[TRIPLET] RUNNING
ep08/75 loss=0.1724 main=0.1724 rec=0.0000 viol=0.831 53.6min eta=449.0min
ep09/75:  93%|███████████████████████████████████████████████████████▉    | 1170/1255 [06:09<00:27,  3.15it/s][INFOCCE] RUNNING
ep01/18 loss=1.5851 main=1.5851 rec=0.0000 acc=0.539 30.7min eta=521.4min
ep02/18:  23%|█████████████▋                                              | 2254/9867 [06:58<23:35,  5.38it/s]0, 40112 MiB, 50 % 1, 2456 MiB, 12 %|2, 2456 MiB, 13 % 3, 2312 MiB, 12 % 4, 40056 MiB, 93 %|5, 2456 MiB, 12 % 6, 2456 MiB, 12 % 7, 2312 MiB, 13 %

======== 2026-06-16 20:52:45 ========
[TRIPLET] RUNNING
ep09/75 loss=0.1721 main=0.1721 rec=0.0000 viol=0.827 60.2min eta=441.7min
ep10/75:  70%|██████████████████████████████████████████▊                  | 880/1255 [04:39<02:01,  3.08it/s][INFOCCE] RUNNING
ep01/18 loss=1.5851 main=1.5851 rec=0.0000 acc=0.539 30.7min eta=521.4min
ep02/18:  39%|███████████████████████▍                                    | 3863/9867 [11:54<18:27,  5.42it/s]0, 40112 MiB, 75 % 1, 2456 MiB, 12 %|2, 2456 MiB, 6 % 3, 2312 MiB, 12 % 4, 40056 MiB, 84 %|5, 2456 MiB, 15 % 6, 2456 MiB, 19 % 7, 2312 MiB, 16 %

======== 2026-06-16 20:57:45 ========
[TRIPLET] RUNNING
ep10/75 loss=0.1715 main=0.1715 rec=0.0000 viol=0.826 66.9min eta=434.7min
ep11/75:  44%|██████████████████████████▊                                  | 552/1255 [02:55<03:42,  3.15it/s][INFOCCE] RUNNING
ep01/18 loss=1.5851 main=1.5851 rec=0.0000 acc=0.539 30.7min eta=521.4min
ep02/18:  55%|█████████████████████████████████▏                          | 5462/9867 [16:50<13:34,  5.41it/s]0, 40112 MiB, 69 % 1, 2456 MiB, 12 %|2, 2456 MiB, 11 % 3, 2312 MiB, 12 % 4, 40056 MiB, 74 %|5, 2456 MiB, 12 % 6, 2456 MiB, 12 % 7, 2312 MiB, 13 %

======== 2026-06-16 21:02:46 ========
[TRIPLET] RUNNING
ep11/75 loss=0.1704 main=0.1704 rec=0.0000 viol=0.818 73.5min eta=427.8min
ep12/75:  20%|████████████▍                                                | 257/1255 [01:22<05:15,  3.17it/s][INFOCCE] RUNNING
ep01/18 loss=1.5851 main=1.5851 rec=0.0000 acc=0.539 30.7min eta=521.4min
ep02/18:  72%|███████████████████████████████████████████▎                | 7126/9867 [22:02<08:27,  5.40it/s]0, 40112 MiB, 50 % 1, 2496 MiB, 0 %|2, 2456 MiB, 13 % 3, 2312 MiB, 0 % 4, 40056 MiB, 83 %|5, 2456 MiB, 17 % 6, 2456 MiB, 17 % 7, 2312 MiB, 13 %

======== 2026-06-16 21:07:46 ========
[TRIPLET] RUNNING
ep11/75 loss=0.1704 main=0.1704 rec=0.0000 viol=0.818 73.5min eta=427.8min
ep12/75:  95%|████████████████████████████████████████████████████████▊   | 1188/1255 [06:20<00:21,  3.11it/s][INFOCCE] RUNNING
ep01/18 loss=1.5851 main=1.5851 rec=0.0000 acc=0.539 30.7min eta=521.4min
ep02/18:  89%|█████████████████████████████████████████████████████▏      | 8752/9867 [26:59<03:27,  5.38it/s]0, 40112 MiB, 43 % 1, 2496 MiB, 13 %|2, 2456 MiB, 9 % 3, 2312 MiB, 13 % 4, 40056 MiB, 94 %|5, 2456 MiB, 13 % 6, 2456 MiB, 13 % 7, 2312 MiB, 17 %

======== 2026-06-16 21:12:46 ========
[TRIPLET] RUNNING
ep12/75 loss=0.1704 main=0.1704 rec=0.0000 viol=0.816 80.2min eta=421.3min
ep13/75:  69%|██████████████████████████████████████████▎                  | 871/1255 [04:36<02:00,  3.18it/s][INFOCCE] RUNNING
ep02/18 loss=1.4905 main=1.4905 rec=0.0000 acc=0.562 61.1min eta=488.9min
ep03/18:   5%|██▉                                                          | 484/9867 [01:31<29:05,  5.37it/s]0, 40112 MiB, 61 % 1, 2496 MiB, 12 %|2, 2456 MiB, 0 % 3, 2312 MiB, 0 % 4, 40056 MiB, 89 %|5, 2456 MiB, 19 % 6, 2456 MiB, 18 % 7, 2312 MiB, 12 %

======== 2026-06-16 21:17:47 ========
[TRIPLET] RUNNING
ep13/75 loss=0.1697 main=0.1697 rec=0.0000 viol=0.810 86.9min eta=414.3min
ep14/75:  44%|███████████████████████████                                  | 557/1255 [02:56<03:43,  3.13it/s][INFOCCE] RUNNING
ep02/18 loss=1.4905 main=1.4905 rec=0.0000 acc=0.562 61.1min eta=488.9min
ep03/18:  22%|████████████▉                                               | 2129/9867 [06:37<24:11,  5.33it/s]0, 40112 MiB, 42 % 1, 2496 MiB, 13 %|2, 2456 MiB, 13 % 3, 2312 MiB, 13 % 4, 40056 MiB, 92 %|5, 2456 MiB, 16 % 6, 2456 MiB, 20 % 7, 2312 MiB, 19 %

======== 2026-06-16 21:22:47 ========
[TRIPLET] RUNNING
ep14/75 loss=0.1690 main=0.1690 rec=0.0000 viol=0.808 93.5min eta=407.5min
ep15/75:  21%|████████████▋                                                | 261/1255 [01:22<05:13,  3.17it/s][INFOCCE] RUNNING
ep02/18 loss=1.4905 main=1.4905 rec=0.0000 acc=0.562 61.1min eta=488.9min
ep03/18:  38%|██████████████████████▋                                     | 3724/9867 [11:34<19:18,  5.30it/s]0, 40112 MiB, 81 % 1, 2496 MiB, 12 %|2, 2456 MiB, 18 % 3, 2312 MiB, 15 % 4, 40056 MiB, 94 %|5, 2456 MiB, 15 % 6, 2456 MiB, 19 % 7, 2312 MiB, 13 %

======== 2026-06-16 21:27:47 ========
[TRIPLET] RUNNING
ep14/75 loss=0.1690 main=0.1690 rec=0.0000 viol=0.808 93.5min eta=407.5min
ep15/75:  97%|█████████████████████████████████████████████████████████▉  | 1212/1255 [06:21<00:13,  3.15it/s][INFOCCE] RUNNING
ep02/18 loss=1.4905 main=1.4905 rec=0.0000 acc=0.562 61.1min eta=488.9min
ep03/18:  54%|████████████████████████████████▌                           | 5350/9867 [16:39<14:06,  5.34it/s]0, 40112 MiB, 48 % 1, 2496 MiB, 0 %|2, 2456 MiB, 0 % 3, 2312 MiB, 0 % 4, 40056 MiB, 76 %|5, 2456 MiB, 12 % 6, 2456 MiB, 13 % 7, 2312 MiB, 13 %

======== 2026-06-16 21:32:48 ========
[TRIPLET] RUNNING
ep15/75 loss=0.1676 main=0.1676 rec=0.0000 viol=0.802 100.1min eta=400.5min
ep16/75:  70%|██████████████████████████████████████████▊                  | 881/1255 [04:38<01:58,  3.17it/s][INFOCCE] RUNNING
ep02/18 loss=1.4905 main=1.4905 rec=0.0000 acc=0.562 61.1min eta=488.9min
ep03/18:  70%|██████████████████████████████████████████▎                 | 6952/9867 [21:34<08:55,  5.44it/s]0, 40112 MiB, 37 % 1, 2496 MiB, 12 %|2, 2456 MiB, 13 % 3, 2312 MiB, 13 % 4, 40056 MiB, 94 %|5, 2456 MiB, 12 % 6, 2456 MiB, 12 % 7, 2312 MiB, 13 %

======== 2026-06-16 21:37:48 ========
[TRIPLET] RUNNING
ep16/75 loss=0.1675 main=0.1675 rec=0.0000 viol=0.799 106.7min eta=393.6min
ep17/75:  46%|████████████████████████████▎                                | 583/1255 [03:05<03:34,  3.13it/s][INFOCCE] RUNNING
ep02/18 loss=1.4905 main=1.4905 rec=0.0000 acc=0.562 61.1min eta=488.9min
ep03/18:  87%|███████████████████████████████████████████████████▉        | 8548/9867 [26:33<04:08,  5.31it/s]0, 40112 MiB, 45 % 1, 2496 MiB, 7 %|2, 2456 MiB, 3 % 3, 2312 MiB, 1 % 4, 40056 MiB, 87 %|5, 2456 MiB, 15 % 6, 2456 MiB, 13 % 7, 2312 MiB, 13 %

======== 2026-06-16 21:42:48 ========
[TRIPLET] RUNNING
ep17/75 loss=0.1670 main=0.1670 rec=0.0000 viol=0.795 113.5min eta=387.1min
ep18/75:  21%|████████████▋                                                | 261/1255 [01:21<05:11,  3.19it/s][INFOCCE] RUNNING
ep03/18 loss=1.4532 main=1.4532 rec=0.0000 acc=0.569 91.8min eta=458.8min
ep04/18:   3%|█▌                                                           | 262/9867 [00:50<30:26,  5.26it/s]0, 40112 MiB, 50 % 1, 2496 MiB, 13 %|2, 2456 MiB, 13 % 3, 2312 MiB, 13 % 4, 40056 MiB, 94 %|5, 2456 MiB, 23 % 6, 2456 MiB, 20 % 7, 2312 MiB, 19 %

======== 2026-06-16 21:47:49 ========
[TRIPLET] RUNNING
ep17/75 loss=0.1670 main=0.1670 rec=0.0000 viol=0.795 113.5min eta=387.1min
ep18/75:  96%|█████████████████████████████████████████████████████████▍  | 1202/1255 [06:21<00:16,  3.22it/s][INFOCCE] RUNNING
ep03/18 loss=1.4532 main=1.4532 rec=0.0000 acc=0.569 91.8min eta=458.8min
ep04/18:  19%|███████████▌                                                | 1908/9867 [05:56<24:40,  5.38it/s]0, 40112 MiB, 38 % 1, 2496 MiB, 12 %|2, 2456 MiB, 9 % 3, 2312 MiB, 7 % 4, 40056 MiB, 94 %|5, 2456 MiB, 19 % 6, 2456 MiB, 19 % 7, 2312 MiB, 23 %

======== 2026-06-16 21:52:49 ========
[TRIPLET] RUNNING
ep18/75 loss=0.1670 main=0.1670 rec=0.0000 viol=0.793 120.1min eta=380.4min
ep19/75:  72%|███████████████████████████████████████████▉                 | 905/1255 [04:48<01:51,  3.14it/s][INFOCCE] RUNNING
ep03/18 loss=1.4532 main=1.4532 rec=0.0000 acc=0.569 91.8min eta=458.8min
ep04/18:  35%|█████████████████████▎                                      | 3495/9867 [10:51<19:40,  5.40it/s]0, 40112 MiB, 32 % 1, 2496 MiB, 12 %|2, 2456 MiB, 1 % 3, 2312 MiB, 13 % 4, 40056 MiB, 76 %|5, 2456 MiB, 12 % 6, 2456 MiB, 12 % 7, 2312 MiB, 13 %

======== 2026-06-16 21:57:49 ========
[TRIPLET] RUNNING
ep19/75 loss=0.1657 main=0.1657 rec=0.0000 viol=0.784 126.8min eta=373.7min
ep20/75:  46%|████████████████████████████▏                                | 580/1255 [03:04<03:33,  3.17it/s][INFOCCE] RUNNING
ep03/18 loss=1.4532 main=1.4532 rec=0.0000 acc=0.569 91.8min eta=458.8min
ep04/18:  52%|███████████████████████████████▍                            | 5161/9867 [15:56<14:25,  5.44it/s]0, 40112 MiB, 61 % 1, 2496 MiB, 0 %|2, 2456 MiB, 13 % 3, 2312 MiB, 0 % 4, 40056 MiB, 74 %|5, 2456 MiB, 12 % 6, 2456 MiB, 13 % 7, 2312 MiB, 13 %

======== 2026-06-16 22:02:50 ========
[TRIPLET] RUNNING
ep20/75 loss=0.1659 main=0.1659 rec=0.0000 viol=0.783 133.4min eta=366.9min
ep21/75:  23%|█████████████▊                                               | 284/1255 [01:31<05:06,  3.17it/s][INFOCCE] RUNNING
ep03/18 loss=1.4532 main=1.4532 rec=0.0000 acc=0.569 91.8min eta=458.8min
ep04/18:  69%|█████████████████████████████████████████▎                  | 6784/9867 [20:53<09:21,  5.49it/s]0, 40112 MiB, 38 % 1, 2496 MiB, 12 %|2, 2456 MiB, 6 % 3, 2312 MiB, 13 % 4, 40056 MiB, 84 %|5, 2456 MiB, 19 % 6, 2456 MiB, 20 % 7, 2312 MiB, 14 %

======== 2026-06-16 22:07:50 ========
[TRIPLET] RUNNING
ep20/75 loss=0.1659 main=0.1659 rec=0.0000 viol=0.783 133.4min eta=366.9min
ep21/75:  97%|█████████████████████████████████████████████████████████▉  | 1213/1255 [06:29<00:13,  3.10it/s][INFOCCE] RUNNING
ep03/18 loss=1.4532 main=1.4532 rec=0.0000 acc=0.569 91.8min eta=458.8min
ep04/18:  86%|███████████████████████████████████████████████████▍        | 8459/9867 [25:58<04:15,  5.51it/s]0, 40112 MiB, 35 % 1, 2496 MiB, 0 %|2, 2456 MiB, 0 % 3, 2312 MiB, 13 % 4, 40056 MiB, 72 %|5, 2456 MiB, 15 % 6, 2456 MiB, 19 % 7, 2312 MiB, 18 %

======== OVERNIGHT MONITOR STARTED 2026-06-16 22:11:19 ========
Poll interval: 5 min | Alerts: /tmp/matryoshka_alerts.log | Morning report: /tmp/matryoshka_morning_report.txt

======== 2026-06-16 22:11:19 ========
[TRIPLET] OK
ep21/75 loss=0.1657 main=0.1657 rec=0.0000 viol=0.780 140.1min eta=360.3min
ep22/75:  48%|█████████████████████████████▌                               | 608/1255 [03:14<03:26,  3.13it/s]
---
[INFOCCE] OK
ep03/18 loss=1.4532 main=1.4532 rec=0.0000 acc=0.569 91.8min eta=458.8min
ep04/18:  97%|██████████████████████████████████████████████████████████▎ | 9593/9867 [29:21<00:49,  5.57it/s]
0, 40112 MiB, 38 % 1, 2496 MiB, 0 %|2, 2456 MiB, 0 % 3, 2312 MiB, 13 % 4, 40056 MiB, 71 %|5, 2456 MiB, 12 % 6, 2456 MiB, 12 % 7, 2312 MiB, 12 %

======== 2026-06-16 22:16:19 ========
[TRIPLET] OK
ep22/75 loss=0.1658 main=0.1658 rec=0.0000 viol=0.780 146.8min eta=353.7min
ep23/75:  23%|█████████████▊                                               | 283/1255 [01:32<05:08,  3.15it/s]
---
[INFOCCE] OK
ep04/18 loss=1.4307 main=1.4307 rec=0.0000 acc=0.573 122.0min eta=427.0min
ep05/18:  14%|████████▍                                                   | 1388/9867 [04:17<26:47,  5.27it/s]
0, 40112 MiB, 68 % 1, 2496 MiB, 12 %|2, 2456 MiB, 13 % 3, 2312 MiB, 13 % 4, 40056 MiB, 93 %|5, 2456 MiB, 12 % 6, 2456 MiB, 13 % 7, 2312 MiB, 13 %

======== 2026-06-16 22:21:20 ========
[TRIPLET] OK
ep22/75 loss=0.1658 main=0.1658 rec=0.0000 viol=0.780 146.8min eta=353.7min
ep23/75:  98%|██████████████████████████████████████████████████████████▌ | 1224/1255 [06:33<00:09,  3.11it/s]
---
[INFOCCE] OK
ep04/18 loss=1.4307 main=1.4307 rec=0.0000 acc=0.573 122.0min eta=427.0min
ep05/18:  31%|██████████████████▎                                         | 3018/9867 [09:11<20:33,  5.55it/s]
0, 40112 MiB, 67 % 1, 2496 MiB, 11 %|2, 2456 MiB, 6 % 3, 2312 MiB, 13 % 4, 40056 MiB, 74 %|5, 2456 MiB, 12 % 6, 2456 MiB, 13 % 7, 2312 MiB, 13 %

======== 2026-06-16 22:26:20 ========
[TRIPLET] OK
ep23/75 loss=0.1652 main=0.1652 rec=0.0000 viol=0.778 153.5min eta=347.1min
ep24/75:  73%|████████████████████████████████████████████▍                | 915/1255 [04:50<01:48,  3.13it/s]
---
[INFOCCE] OK
ep04/18 loss=1.4307 main=1.4307 rec=0.0000 acc=0.573 122.0min eta=427.0min
ep05/18:  48%|████████████████████████████▋                               | 4710/9867 [14:16<15:36,  5.51it/s]
0, 40112 MiB, 59 % 1, 2496 MiB, 12 %|2, 2456 MiB, 12 % 3, 2312 MiB, 13 % 4, 40056 MiB, 88 %|5, 2456 MiB, 12 % 6, 2476 MiB, 18 % 7, 2312 MiB, 13 %

======== 2026-06-16 22:31:21 ========
[TRIPLET] OK
ep24/75 loss=0.1650 main=0.1650 rec=0.0000 viol=0.774 160.2min eta=340.4min
ep25/75:  50%|██████████████████████████████▏                              | 622/1255 [03:16<03:24,  3.10it/s]
---
[2026-06-16 22:31:21] [INFOCCE] STALLED? step stuck at 05 for ~15 min
[INFOCCE] WARN
ep04/18 loss=1.4307 main=1.4307 rec=0.0000 acc=0.573 122.0min eta=427.0min
ep05/18:  64%|██████████████████████████████████████▌                     | 6334/9867 [19:10<10:37,  5.54it/s]
0, 40112 MiB, 20 % 1, 2496 MiB, 0 %|2, 2456 MiB, 0 % 3, 2312 MiB, 0 % 4, 40056 MiB, 91 %|5, 2456 MiB, 12 % 6, 2476 MiB, 16 % 7, 2312 MiB, 12 %

======== 2026-06-16 22:36:21 ========
[TRIPLET] OK
ep25/75 loss=0.1649 main=0.1649 rec=0.0000 viol=0.772 166.9min eta=333.8min
ep26/75:  24%|██████████████▎                                              | 295/1255 [01:32<04:59,  3.20it/s]
---
[2026-06-16 22:36:22] [INFOCCE] STALLED? step stuck at 05 for ~20 min
[INFOCCE] WARN
ep04/18 loss=1.4307 main=1.4307 rec=0.0000 acc=0.573 122.0min eta=427.0min
ep05/18:  82%|████████████████████████████████████████████████▉           | 8057/9867 [24:14<05:19,  5.67it/s]
0, 40112 MiB, 38 % 1, 2496 MiB, 12 %|2, 2456 MiB, 10 % 3, 2312 MiB, 5 % 4, 40056 MiB, 94 %|5, 2456 MiB, 12 % 6, 2476 MiB, 13 % 7, 2312 MiB, 13 %

======== 2026-06-16 22:41:22 ========
[TRIPLET] OK
ep26/75 loss=0.1646 main=0.1646 rec=0.0000 viol=0.769 173.5min eta=327.0min
ep27/75:   0%|                                                                       | 0/1255 [00:00<?, ?it/s]
---
[2026-06-16 22:41:22] [INFOCCE] STALLED? step stuck at 05 for ~25 min
[INFOCCE] WARN
ep04/18 loss=1.4307 main=1.4307 rec=0.0000 acc=0.573 122.0min eta=427.0min
ep05/18:  99%|███████████████████████████████████████████████████████████▍| 9780/9867 [29:18<00:15,  5.66it/s]
0, 40112 MiB, 50 % 1, 2496 MiB, 7 %|2, 2456 MiB, 13 % 3, 2312 MiB, 3 % 4, 40056 MiB, 79 %|5, 2456 MiB, 12 % 6, 2476 MiB, 13 % 7, 2312 MiB, 13 %

======== 2026-06-16 22:46:22 ========
[TRIPLET] OK
ep26/75 loss=0.1646 main=0.1646 rec=0.0000 viol=0.769 173.5min eta=327.0min
ep27/75:  75%|█████████████████████████████████████████████▊               | 942/1255 [04:58<01:39,  3.13it/s]
---
[INFOCCE] OK
ep05/18 loss=1.4153 main=1.4153 rec=0.0000 acc=0.576 151.6min eta=394.2min
ep06/18:  16%|█████████▋                                                  | 1591/9867 [04:43<24:18,  5.67it/s]
0, 40112 MiB, 76 % 1, 2496 MiB, 13 %|2, 2456 MiB, 18 % 3, 2312 MiB, 18 % 4, 40056 MiB, 93 %|5, 2456 MiB, 12 % 6, 2476 MiB, 12 % 7, 2312 MiB, 13 %

======== 2026-06-16 22:51:23 ========
[TRIPLET] OK
ep27/75 loss=0.1644 main=0.1644 rec=0.0000 viol=0.767 180.1min eta=320.2min
ep28/75:  49%|█████████████████████████████▊                               | 614/1255 [03:14<03:17,  3.25it/s]
---
[INFOCCE] OK
ep05/18 loss=1.4153 main=1.4153 rec=0.0000 acc=0.576 151.6min eta=394.2min
ep06/18:  33%|███████████████████▊                                        | 3258/9867 [09:37<19:18,  5.70it/s]
0, 40112 MiB, 66 % 1, 2496 MiB, 14 %|2, 2456 MiB, 7 % 3, 2312 MiB, 12 % 4, 40056 MiB, 89 %|5, 2456 MiB, 12 % 6, 2476 MiB, 18 % 7, 2312 MiB, 13 %

======== 2026-06-16 22:56:23 ========
[TRIPLET] OK
ep28/75 loss=0.1640 main=0.1640 rec=0.0000 viol=0.764 186.8min eta=313.5min
ep29/75:  26%|███████████████▉                                             | 329/1255 [01:43<04:50,  3.19it/s]
---
[INFOCCE] OK
ep05/18 loss=1.4153 main=1.4153 rec=0.0000 acc=0.576 151.6min eta=394.2min
ep06/18:  50%|██████████████████████████████▎                             | 4976/9867 [14:45<14:24,  5.66it/s]
0, 40112 MiB, 46 % 1, 2496 MiB, 12 %|2, 2456 MiB, 0 % 3, 2312 MiB, 0 % 4, 40056 MiB, 94 %|5, 2456 MiB, 19 % 6, 2476 MiB, 12 % 7, 2312 MiB, 13 %

======== 2026-06-16 23:01:24 ========
[TRIPLET] OK
ep29/75 loss=0.1642 main=0.1642 rec=0.0000 viol=0.762 193.3min eta=306.7min
ep30/75:   3%|█▌                                                            | 32/1255 [00:10<06:26,  3.17it/s]
---
[2026-06-16 23:01:24] [INFOCCE] STALLED? step stuck at 06 for ~15 min
[INFOCCE] WARN
ep05/18 loss=1.4153 main=1.4153 rec=0.0000 acc=0.576 151.6min eta=394.2min
ep06/18:  67%|████████████████████████████████████████▍                   | 6647/9867 [19:39<09:30,  5.65it/s]
0, 40112 MiB, 67 % 1, 2496 MiB, 0 %|2, 2456 MiB, 13 % 3, 2312 MiB, 12 % 4, 40056 MiB, 95 %|5, 2456 MiB, 12 % 6, 2476 MiB, 13 % 7, 2312 MiB, 19 %

======== 2026-06-16 23:06:25 ========
[TRIPLET] OK
ep29/75 loss=0.1642 main=0.1642 rec=0.0000 viol=0.762 193.3min eta=306.7min
ep30/75:  80%|████████████████████████████████████████████████▌            | 999/1255 [05:08<01:18,  3.26it/s]
---
[2026-06-16 23:06:25] [INFOCCE] STALLED? step stuck at 06 for ~20 min
[INFOCCE] WARN
ep05/18 loss=1.4153 main=1.4153 rec=0.0000 acc=0.576 151.6min eta=394.2min
ep06/18:  85%|██████████████████████████████████████████████████▉         | 8383/9867 [24:44<04:19,  5.71it/s]
0, 40112 MiB, 50 % 1, 2496 MiB, 13 %|2, 2456 MiB, 0 % 3, 2312 MiB, 13 % 4, 40056 MiB, 81 %|5, 2456 MiB, 12 % 6, 2476 MiB, 16 % 7, 2312 MiB, 13 %

======== 2026-06-16 23:11:25 ========
[TRIPLET] OK
ep30/75 loss=0.1638 main=0.1638 rec=0.0000 viol=0.761 199.8min eta=299.7min
ep31/75:  58%|███████████████████████████████████▌                         | 732/1255 [03:46<02:40,  3.25it/s]
---
[INFOCCE] OK
ep06/18 loss=1.4040 main=1.4040 rec=0.0000 acc=0.578 180.7min eta=361.5min
ep07/18:   2%|▉                                                            | 161/9867 [00:30<29:48,  5.43it/s]
0, 40112 MiB, 51 % 1, 2496 MiB, 0 %|2, 2456 MiB, 0 % 3, 2312 MiB, 8 % 4, 40056 MiB, 92 %|5, 2456 MiB, 20 % 6, 2476 MiB, 13 % 7, 2312 MiB, 13 %

======== 2026-06-16 23:16:26 ========
[TRIPLET] OK
ep31/75 loss=0.1637 main=0.1637 rec=0.0000 viol=0.757 206.3min eta=292.8min
ep32/75:  35%|█████████████████████▍                                       | 442/1255 [02:14<04:07,  3.28it/s]
---
[INFOCCE] OK
ep06/18 loss=1.4040 main=1.4040 rec=0.0000 acc=0.578 180.7min eta=361.5min
ep07/18:  19%|███████████▍                                                | 1889/9867 [05:33<23:16,  5.71it/s]
0, 40112 MiB, 33 % 1, 2496 MiB, 6 %|2, 2456 MiB, 11 % 3, 2312 MiB, 13 % 4, 40056 MiB, 93 %|5, 2456 MiB, 13 % 6, 2476 MiB, 13 % 7, 2312 MiB, 17 %

======== 2026-06-16 23:21:26 ========
[TRIPLET] OK
ep32/75 loss=0.1637 main=0.1637 rec=0.0000 viol=0.757 212.7min eta=285.8min
ep33/75:  13%|███████▊                                                     | 162/1255 [00:51<05:46,  3.16it/s]
---
[INFOCCE] OK
ep06/18 loss=1.4040 main=1.4040 rec=0.0000 acc=0.578 180.7min eta=361.5min
ep07/18:  37%|█████████████████████▉                                      | 3617/9867 [10:37<18:06,  5.75it/s]
0, 40112 MiB, 44 % 1, 2496 MiB, 12 %|2, 2456 MiB, 8 % 3, 2312 MiB, 13 % 4, 40056 MiB, 82 %|5, 2456 MiB, 12 % 6, 2476 MiB, 17 % 7, 2312 MiB, 13 %

======== 2026-06-16 23:26:27 ========
[TRIPLET] OK
ep32/75 loss=0.1637 main=0.1637 rec=0.0000 viol=0.757 212.7min eta=285.8min
ep33/75:  90%|█████████████████████████████████████████████████████▉      | 1127/1255 [05:50<00:39,  3.21it/s]
---
[2026-06-16 23:26:27] [INFOCCE] STALLED? step stuck at 07 for ~15 min
[INFOCCE] WARN
ep06/18 loss=1.4040 main=1.4040 rec=0.0000 acc=0.578 180.7min eta=361.5min
ep07/18:  54%|████████████████████████████████▏                           | 5295/9867 [15:31<13:20,  5.71it/s]
0, 40112 MiB, 36 % 1, 2496 MiB, 0 %|2, 2456 MiB, 0 % 3, 2312 MiB, 13 % 4, 40056 MiB, 94 %|5, 2456 MiB, 12 % 6, 2476 MiB, 18 % 7, 2312 MiB, 13 %

======== 2026-06-16 23:31:27 ========
[TRIPLET] OK
ep33/75 loss=0.1632 main=0.1632 rec=0.0000 viol=0.755 219.2min eta=279.0min
ep34/75:  66%|████████████████████████████████████████▎                    | 830/1255 [04:16<02:12,  3.21it/s]
---
[2026-06-16 23:31:27] [INFOCCE] STALLED? step stuck at 07 for ~20 min
[INFOCCE] WARN
ep06/18 loss=1.4040 main=1.4040 rec=0.0000 acc=0.578 180.7min eta=361.5min
ep07/18:  71%|██████████████████████████████████████████▌                 | 7004/9867 [20:36<08:42,  5.47it/s]
0, 40112 MiB, 79 % 1, 2496 MiB, 13 %|2, 2456 MiB, 13 % 3, 2312 MiB, 13 % 4, 40056 MiB, 92 %|5, 2456 MiB, 17 % 6, 2476 MiB, 19 % 7, 2312 MiB, 12 %

======== 2026-06-16 23:36:28 ========
[TRIPLET] OK
ep34/75 loss=0.1634 main=0.1634 rec=0.0000 viol=0.754 225.6min eta=272.1min
ep35/75:  45%|███████████████████████████▋                                 | 570/1255 [02:55<03:29,  3.27it/s]
---
[2026-06-16 23:36:28] [INFOCCE] STALLED? step stuck at 07 for ~25 min
[INFOCCE] WARN
ep06/18 loss=1.4040 main=1.4040 rec=0.0000 acc=0.578 180.7min eta=361.5min
ep07/18:  89%|█████████████████████████████████████████████████████       | 8734/9867 [25:40<03:19,  5.68it/s]
0, 40112 MiB, 51 % 1, 2496 MiB, 10 %|2, 2456 MiB, 4 % 3, 2312 MiB, 0 % 4, 40056 MiB, 76 %|5, 2456 MiB, 19 % 6, 2476 MiB, 13 % 7, 2312 MiB, 13 %

======== 2026-06-16 23:41:28 ========
[TRIPLET] OK
ep35/75 loss=0.1629 main=0.1629 rec=0.0000 viol=0.751 232.1min eta=265.2min
ep36/75:  24%|██████████████▋                                              | 302/1255 [01:32<04:53,  3.25it/s]
---
[INFOCCE] OK
ep07/18 loss=1.3958 main=1.3958 rec=0.0000 acc=0.580 209.8min eta=329.7min
ep08/18:   5%|███▏                                                         | 506/9867 [01:31<27:40,  5.64it/s]
0, 40112 MiB, 45 % 1, 2496 MiB, 0 %|2, 2456 MiB, 0 % 3, 2312 MiB, 0 % 4, 40056 MiB, 76 %|5, 2456 MiB, 14 % 6, 2476 MiB, 14 % 7, 2312 MiB, 13 %

======== 2026-06-16 23:46:29 ========
[TRIPLET] OK
ep36/75 loss=0.1629 main=0.1629 rec=0.0000 viol=0.750 238.5min eta=258.4min
ep37/75:   0%|                                                                       | 0/1255 [00:00<?, ?it/s]
---
[INFOCCE] OK
ep07/18 loss=1.3958 main=1.3958 rec=0.0000 acc=0.580 209.8min eta=329.7min
ep08/18:  23%|█████████████▌                                              | 2231/9867 [06:35<22:22,  5.69it/s]
0, 40112 MiB, 41 % 1, 2496 MiB, 0 %|2, 2456 MiB, 0 % 3, 2312 MiB, 13 % 4, 40056 MiB, 77 %|5, 2456 MiB, 12 % 6, 2476 MiB, 6 % 7, 2312 MiB, 13 %

======== 2026-06-16 23:51:29 ========
[TRIPLET] OK
ep36/75 loss=0.1629 main=0.1629 rec=0.0000 viol=0.750 238.5min eta=258.4min
ep37/75:  77%|███████████████████████████████████████████████              | 968/1255 [04:59<01:29,  3.19it/s]
---
[INFOCCE] OK
ep07/18 loss=1.3958 main=1.3958 rec=0.0000 acc=0.580 209.8min eta=329.7min
ep08/18:  40%|████████████████████████                                    | 3963/9867 [11:39<17:18,  5.68it/s]
0, 40112 MiB, 40 % 1, 2496 MiB, 0 %|2, 2456 MiB, 13 % 3, 2312 MiB, 13 % 4, 40056 MiB, 76 %|5, 2456 MiB, 12 % 6, 2476 MiB, 13 % 7, 2312 MiB, 13 %

======== 2026-06-16 23:56:30 ========
[TRIPLET] OK
ep37/75 loss=0.1628 main=0.1628 rec=0.0000 viol=0.749 245.0min eta=251.6min
ep38/75:  55%|█████████████████████████████████▊                           | 695/1255 [03:36<02:53,  3.23it/s]
---
[2026-06-16 23:56:30] [INFOCCE] STALLED? step stuck at 08 for ~15 min
[INFOCCE] WARN
ep07/18 loss=1.3958 main=1.3958 rec=0.0000 acc=0.580 209.8min eta=329.7min
ep08/18:  57%|██████████████████████████████████▎                         | 5640/9867 [16:33<12:19,  5.72it/s]
0, 40112 MiB, 38 % 1, 2496 MiB, 12 %|2, 2456 MiB, 13 % 3, 2312 MiB, 0 % 4, 40056 MiB, 91 %|5, 2456 MiB, 12 % 6, 2476 MiB, 17 % 7, 2312 MiB, 18 %

======== 2026-06-17 00:01:31 ========
[TRIPLET] OK
ep38/75 loss=0.1628 main=0.1628 rec=0.0000 viol=0.749 251.6min eta=244.9min
ep39/75:  32%|███████████████████▍                                         | 400/1255 [02:03<04:25,  3.23it/s]
---
[2026-06-17 00:01:31] [INFOCCE] STALLED? step stuck at 08 for ~20 min
[INFOCCE] WARN
ep07/18 loss=1.3958 main=1.3958 rec=0.0000 acc=0.580 209.8min eta=329.7min
ep08/18:  75%|████████████████████████████████████████████▊               | 7369/9867 [21:38<07:20,  5.68it/s]
0, 40112 MiB, 57 % 1, 2496 MiB, 8 %|2, 2456 MiB, 13 % 3, 2312 MiB, 13 % 4, 40056 MiB, 81 %|5, 2456 MiB, 12 % 6, 2476 MiB, 14 % 7, 2312 MiB, 15 %

======== 2026-06-17 00:06:31 ========
[TRIPLET] OK
ep39/75 loss=0.1624 main=0.1624 rec=0.0000 viol=0.746 258.0min eta=238.2min
ep40/75:   8%|████▊                                                         | 98/1255 [00:30<05:57,  3.23it/s]
---
[2026-06-17 00:06:32] [INFOCCE] STALLED? step stuck at 08 for ~25 min
[INFOCCE] WARN
ep07/18 loss=1.3958 main=1.3958 rec=0.0000 acc=0.580 209.8min eta=329.7min
ep08/18:  92%|███████████████████████████████████████████████████████▎    | 9098/9867 [26:41<02:15,  5.66it/s]
0, 40112 MiB, 44 % 1, 2496 MiB, 12 %|2, 2456 MiB, 13 % 3, 2312 MiB, 13 % 4, 40056 MiB, 82 %|5, 2456 MiB, 12 % 6, 2476 MiB, 17 % 7, 2332 MiB, 17 %

======== 2026-06-17 00:11:32 ========
[TRIPLET] OK
ep39/75 loss=0.1624 main=0.1624 rec=0.0000 viol=0.746 258.0min eta=238.2min
ep40/75:  87%|████████████████████████████████████████████████████▍       | 1098/1255 [05:40<00:47,  3.32it/s]
---
[INFOCCE] OK
ep08/18 loss=1.3878 main=1.3878 rec=0.0000 acc=0.581 238.9min eta=298.6min
ep09/18:   9%|█████▎                                                       | 852/9867 [02:32<26:21,  5.70it/s]
0, 40112 MiB, 60 % 1, 2496 MiB, 0 %|2, 2456 MiB, 13 % 3, 2312 MiB, 0 % 4, 40056 MiB, 79 %|5, 2456 MiB, 12 % 6, 2476 MiB, 16 % 7, 2332 MiB, 16 %

======== 2026-06-17 00:16:32 ========
[TRIPLET] OK
ep40/75 loss=0.1627 main=0.1627 rec=0.0000 viol=0.745 264.5min eta=231.4min
ep41/75:  64%|███████████████████████████████████████                      | 804/1255 [04:07<02:21,  3.18it/s]
---
[INFOCCE] OK
ep08/18 loss=1.3878 main=1.3878 rec=0.0000 acc=0.581 238.9min eta=298.6min
ep09/18:  26%|███████████████▋                                            | 2578/9867 [07:36<21:27,  5.66it/s]
0, 40112 MiB, 38 % 1, 2496 MiB, 12 %|2, 2456 MiB, 0 % 3, 2312 MiB, 12 % 4, 40056 MiB, 84 %|5, 2456 MiB, 13 % 6, 2476 MiB, 13 % 7, 2332 MiB, 13 %

======== 2026-06-17 00:21:33 ========
[TRIPLET] OK
ep41/75 loss=0.1621 main=0.1621 rec=0.0000 viol=0.742 271.0min eta=224.7min
ep42/75:  42%|█████████████████████████▊                                   | 532/1255 [02:44<03:41,  3.26it/s]
---
[INFOCCE] OK
ep08/18 loss=1.3878 main=1.3878 rec=0.0000 acc=0.581 238.9min eta=298.6min
ep09/18:  43%|█████████████████████████▊                                  | 4243/9867 [12:29<16:32,  5.67it/s]
0, 40112 MiB, 35 % 1, 2496 MiB, 13 %|2, 2456 MiB, 10 % 3, 2312 MiB, 13 % 4, 40056 MiB, 84 %|5, 2456 MiB, 14 % 6, 2476 MiB, 12 % 7, 2332 MiB, 13 %

======== 2026-06-17 00:26:34 ========
[TRIPLET] OK
ep42/75 loss=0.1620 main=0.1620 rec=0.0000 viol=0.743 277.4min eta=218.0min
ep43/75:  19%|███████████▎                                                 | 233/1255 [01:11<05:10,  3.30it/s]
---
[2026-06-17 00:26:34] [INFOCCE] STALLED? step stuck at 09 for ~15 min
[INFOCCE] WARN
ep08/18 loss=1.3878 main=1.3878 rec=0.0000 acc=0.581 238.9min eta=298.6min
ep09/18:  60%|████████████████████████████████████▎                       | 5964/9867 [17:33<11:26,  5.69it/s]
0, 40112 MiB, 78 % 1, 2496 MiB, 12 %|2, 2456 MiB, 13 % 3, 2312 MiB, 13 % 4, 40056 MiB, 95 %|5, 2456 MiB, 20 % 6, 2476 MiB, 13 % 7, 2332 MiB, 13 %

======== 2026-06-17 00:31:34 ========
[TRIPLET] OK
ep43/75 loss=0.1620 main=0.1620 rec=0.0000 viol=0.740 283.3min eta=210.8min
ep44/75:   6%|███▊                                                          | 78/1255 [00:20<05:05,  3.85it/s]
---
[2026-06-17 00:31:34] [INFOCCE] STALLED? step stuck at 09 for ~20 min
[INFOCCE] WARN
ep08/18 loss=1.3878 main=1.3878 rec=0.0000 acc=0.581 238.9min eta=298.6min
ep09/18:  79%|███████████████████████████████████████████████▌            | 7816/9867 [22:37<05:34,  6.13it/s]
0, 40112 MiB, 69 % 1, 2496 MiB, 12 %|2, 2456 MiB, 6 % 3, 2312 MiB, 1 % 4, 40056 MiB, 95 %|5, 2456 MiB, 12 % 6, 2476 MiB, 14 % 7, 2332 MiB, 14 %

======== 2026-06-17 00:36:35 ========
[TRIPLET] OK
ep44/75 loss=0.1615 main=0.1615 rec=0.0000 viol=0.737 288.7min eta=203.4min
ep45/75:   0%|                                                                       | 0/1255 [00:00<?, ?it/s]
---
[2026-06-17 00:36:35] [INFOCCE] STALLED? step stuck at 09 for ~25 min
[INFOCCE] WARN
ep08/18 loss=1.3878 main=1.3878 rec=0.0000 acc=0.581 238.9min eta=298.6min
ep09/18:  97%|██████████████████████████████████████████████████████████▍ | 9614/9867 [27:30<00:41,  6.14it/s]
0, 40112 MiB, 63 % 1, 2496 MiB, 12 %|2, 2456 MiB, 13 % 3, 2312 MiB, 10 % 4, 40056 MiB, 96 %|5, 2456 MiB, 12 % 6, 2476 MiB, 22 % 7, 2332 MiB, 13 %

======== 2026-06-17 00:41:35 ========
[TRIPLET] OK
ep44/75 loss=0.1615 main=0.1615 rec=0.0000 viol=0.737 288.7min eta=203.4min
ep45/75:  93%|████████████████████████████████████████████████████████    | 1173/1255 [04:59<00:21,  3.83it/s]
---
[INFOCCE] OK
ep09/18 loss=1.3806 main=1.3806 rec=0.0000 acc=0.582 267.1min eta=267.1min
ep10/18:  16%|█████████▋                                                  | 1600/9867 [04:22<22:29,  6.13it/s]
0, 40112 MiB, 56 % 1, 2496 MiB, 12 %|2, 2456 MiB, 13 % 3, 2312 MiB, 13 % 4, 40056 MiB, 90 %|5, 2456 MiB, 13 % 6, 2476 MiB, 12 % 7, 2332 MiB, 21 %

======== 2026-06-17 00:46:36 ========
[TRIPLET] OK
ep45/75 loss=0.1612 main=0.1612 rec=0.0000 viol=0.735 294.1min eta=196.0min
ep46/75:  81%|████████████████████████████████████████████████▍           | 1013/1255 [04:39<01:15,  3.21it/s]
---
[INFOCCE] OK
ep09/18 loss=1.3806 main=1.3806 rec=0.0000 acc=0.582 267.1min eta=267.1min
ep10/18:  34%|████████████████████▌                                       | 3378/9867 [09:23<18:14,  5.93it/s]
0, 40112 MiB, 41 % 1, 2496 MiB, 0 %|2, 2456 MiB, 0 % 3, 2312 MiB, 0 % 4, 40056 MiB, 87 %|5, 2456 MiB, 12 % 6, 2476 MiB, 12 % 7, 2332 MiB, 13 %

======== 2026-06-17 00:51:36 ========
[TRIPLET] OK
ep46/75 loss=0.1614 main=0.1614 rec=0.0000 viol=0.736 300.0min eta=189.1min
ep47/75:  56%|██████████████████████████████████▎                          | 705/1255 [03:45<02:56,  3.12it/s]
---
[INFOCCE] OK
ep09/18 loss=1.3806 main=1.3806 rec=0.0000 acc=0.582 267.1min eta=267.1min
ep10/18:  52%|███████████████████████████████▍                            | 5175/9867 [14:26<13:14,  5.90it/s]
0, 40112 MiB, 29 % 1, 2496 MiB, 0 %|2, 2456 MiB, 0 % 3, 2312 MiB, 6 % 4, 40056 MiB, 90 %|5, 2456 MiB, 19 % 6, 2476 MiB, 21 % 7, 2332 MiB, 13 %

======== 2026-06-17 00:56:37 ========
[TRIPLET] OK
ep47/75 loss=0.1615 main=0.1615 rec=0.0000 viol=0.736 306.6min eta=182.7min
ep48/75:  31%|███████████████████                                          | 391/1255 [02:02<04:29,  3.21it/s]
---
[2026-06-17 00:56:37] [INFOCCE] STALLED? step stuck at 10 for ~15 min
[INFOCCE] WARN
ep09/18 loss=1.3806 main=1.3806 rec=0.0000 acc=0.582 267.1min eta=267.1min
ep10/18:  70%|██████████████████████████████████████████                  | 6915/9867 [19:19<08:16,  5.94it/s]
0, 40112 MiB, 50 % 1, 2496 MiB, 9 %|2, 2456 MiB, 0 % 3, 2312 MiB, 0 % 4, 40056 MiB, 92 %|5, 2456 MiB, 19 % 6, 2476 MiB, 22 % 7, 2332 MiB, 12 %

======== 2026-06-17 01:01:37 ========
[TRIPLET] OK
ep48/75 loss=0.1607 main=0.1607 rec=0.0000 viol=0.731 313.2min eta=176.2min
ep49/75:   8%|████▋                                                         | 96/1255 [00:30<06:03,  3.19it/s]
---
[2026-06-17 01:01:38] [INFOCCE] STALLED? step stuck at 10 for ~20 min
[INFOCCE] WARN
ep09/18 loss=1.3806 main=1.3806 rec=0.0000 acc=0.582 267.1min eta=267.1min
ep10/18:  88%|█████████████████████████████████████████████████████       | 8727/9867 [24:22<03:10,  5.99it/s]
0, 40112 MiB, 35 % 1, 2496 MiB, 0 %|2, 2456 MiB, 13 % 3, 2312 MiB, 13 % 4, 40056 MiB, 94 %|5, 2456 MiB, 18 % 6, 2476 MiB, 14 % 7, 2332 MiB, 15 %

======== 2026-06-17 01:06:38 ========
[TRIPLET] OK
ep48/75 loss=0.1607 main=0.1607 rec=0.0000 viol=0.731 313.2min eta=176.2min
ep49/75:  85%|███████████████████████████████████████████████████         | 1067/1255 [05:29<00:58,  3.22it/s]
---
[INFOCCE] OK
ep10/18 loss=1.3749 main=1.3749 rec=0.0000 acc=0.584 294.7min eta=235.8min
ep11/18:   7%|████                                                         | 651/9867 [01:51<25:40,  5.98it/s]
0, 40112 MiB, 46 % 1, 2496 MiB, 2 %|2, 2456 MiB, 13 % 3, 2312 MiB, 13 % 4, 40056 MiB, 95 %|5, 2456 MiB, 24 % 6, 2476 MiB, 13 % 7, 2332 MiB, 19 %

======== 2026-06-17 01:11:38 ========
[TRIPLET] OK
ep49/75 loss=0.1610 main=0.1610 rec=0.0000 viol=0.732 319.6min eta=169.6min
ep50/75:  64%|███████████████████████████████████████                      | 803/1255 [04:07<02:20,  3.22it/s]
---
[INFOCCE] OK
ep10/18 loss=1.3749 main=1.3749 rec=0.0000 acc=0.584 294.7min eta=235.8min
ep11/18:  25%|██████████████▉                                             | 2453/9867 [06:52<20:40,  5.98it/s]
0, 40112 MiB, 34 % 1, 2496 MiB, 8 %|2, 2456 MiB, 13 % 3, 2312 MiB, 12 % 4, 40056 MiB, 91 %|5, 2456 MiB, 12 % 6, 2476 MiB, 21 % 7, 2332 MiB, 13 %

======== 2026-06-17 01:16:39 ========
[TRIPLET] OK
ep50/75 loss=0.1612 main=0.1612 rec=0.0000 viol=0.731 326.1min eta=163.0min
ep51/75:  40%|████████████████████████▍                                    | 504/1255 [02:33<03:45,  3.32it/s]
---
[INFOCCE] OK
ep10/18 loss=1.3749 main=1.3749 rec=0.0000 acc=0.584 294.7min eta=235.8min
ep11/18:  42%|█████████████████████████▍                                  | 4181/9867 [11:45<16:28,  5.75it/s]
0, 40112 MiB, 67 % 1, 2496 MiB, 0 %|2, 2456 MiB, 0 % 3, 2312 MiB, 0 % 4, 40056 MiB, 80 %|5, 2456 MiB, 12 % 6, 2476 MiB, 19 % 7, 2332 MiB, 13 %

======== 2026-06-17 01:21:40 ========
[TRIPLET] OK
ep51/75 loss=0.1607 main=0.1607 rec=0.0000 viol=0.730 332.4min eta=156.4min
ep52/75:  22%|█████████████▎                                               | 274/1255 [01:21<04:54,  3.33it/s]
---
[2026-06-17 01:21:40] [INFOCCE] STALLED? step stuck at 11 for ~15 min
[INFOCCE] WARN
ep10/18 loss=1.3749 main=1.3749 rec=0.0000 acc=0.584 294.7min eta=235.8min
ep11/18:  59%|███████████████████████████████████▋                        | 5864/9867 [16:48<11:40,  5.71it/s]
0, 40112 MiB, 66 % 1, 2496 MiB, 2 %|2, 2456 MiB, 0 % 3, 2312 MiB, 13 % 4, 40056 MiB, 94 %|5, 2456 MiB, 12 % 6, 2476 MiB, 14 % 7, 2332 MiB, 13 %

======== 2026-06-17 01:26:40 ========
[TRIPLET] OK
ep52/75 loss=0.1608 main=0.1608 rec=0.0000 viol=0.727 338.6min eta=149.8min
ep53/75:   3%|█▌                                                            | 32/1255 [00:10<06:22,  3.20it/s]
---
[2026-06-17 01:26:40] [INFOCCE] STALLED? step stuck at 11 for ~20 min
[INFOCCE] WARN
ep10/18 loss=1.3749 main=1.3749 rec=0.0000 acc=0.584 294.7min eta=235.8min
ep11/18:  77%|██████████████████████████████████████████████▎             | 7611/9867 [21:53<06:33,  5.73it/s]
0, 40112 MiB, 29 % 1, 2496 MiB, 11 %|2, 2456 MiB, 13 % 3, 2312 MiB, 13 % 4, 40056 MiB, 83 %|5, 2456 MiB, 18 % 6, 2476 MiB, 16 % 7, 2332 MiB, 19 %

======== 2026-06-17 01:31:41 ========
[TRIPLET] OK
ep52/75 loss=0.1608 main=0.1608 rec=0.0000 viol=0.727 338.6min eta=149.8min
ep53/75:  82%|█████████████████████████████████████████████████▍          | 1033/1255 [05:09<01:06,  3.36it/s]
---
[2026-06-17 01:31:41] [INFOCCE] STALLED? step stuck at 11 for ~25 min
[INFOCCE] WARN
ep10/18 loss=1.3749 main=1.3749 rec=0.0000 acc=0.584 294.7min eta=235.8min
ep11/18:  94%|████████████████████████████████████████████████████████▍   | 9291/9867 [26:47<01:40,  5.75it/s]
0, 40112 MiB, 67 % 1, 2496 MiB, 13 %|2, 2496 MiB, 13 % 3, 2312 MiB, 3 % 4, 40056 MiB, 72 %|5, 2456 MiB, 12 % 6, 2476 MiB, 10 % 7, 2332 MiB, 13 %

======== 2026-06-17 01:36:41 ========
[TRIPLET] OK
ep53/75 loss=0.1605 main=0.1605 rec=0.0000 viol=0.727 344.9min eta=143.2min
ep54/75:  60%|████████████████████████████████████▋                        | 754/1255 [03:47<02:32,  3.29it/s]
---
[INFOCCE] OK
ep11/18 loss=1.3705 main=1.3705 rec=0.0000 acc=0.585 323.2min eta=205.7min
ep12/18:  12%|██████▉                                                     | 1144/9867 [03:22<25:22,  5.73it/s]
0, 40112 MiB, 48 % 1, 2496 MiB, 13 %|2, 2496 MiB, 13 % 3, 2312 MiB, 13 % 4, 40056 MiB, 85 %|5, 2456 MiB, 17 % 6, 2476 MiB, 18 % 7, 2332 MiB, 13 %

======== 2026-06-17 01:41:42 ========
[TRIPLET] OK
ep54/75 loss=0.1602 main=0.1602 rec=0.0000 viol=0.727 351.3min eta=136.6min
ep55/75:  41%|█████████████████████████                                    | 516/1255 [02:34<03:42,  3.32it/s]
---
[INFOCCE] OK
ep11/18 loss=1.3705 main=1.3705 rec=0.0000 acc=0.585 323.2min eta=205.7min
ep12/18:  29%|█████████████████▏                                          | 2834/9867 [08:17<20:24,  5.74it/s]
0, 40112 MiB, 60 % 1, 2496 MiB, 12 %|2, 2496 MiB, 13 % 3, 2312 MiB, 13 % 4, 40056 MiB, 93 %|5, 2456 MiB, 12 % 6, 2476 MiB, 13 % 7, 2332 MiB, 13 %

======== 2026-06-17 01:46:42 ========
[TRIPLET] OK
ep55/75 loss=0.1602 main=0.1602 rec=0.0000 viol=0.725 357.6min eta=130.0min
ep56/75:  19%|███████████▌                                                 | 237/1255 [01:11<05:07,  3.31it/s]
---
[INFOCCE] OK
ep11/18 loss=1.3705 main=1.3705 rec=0.0000 acc=0.585 323.2min eta=205.7min
ep12/18:  46%|███████████████████████████▊                                | 4584/9867 [13:23<15:19,  5.74it/s]
0, 40112 MiB, 34 % 1, 2496 MiB, 13 %|2, 2496 MiB, 13 % 3, 2312 MiB, 13 % 4, 40056 MiB, 76 %|5, 2456 MiB, 12 % 6, 2476 MiB, 12 % 7, 2332 MiB, 17 %

======== 2026-06-17 01:51:43 ========
[TRIPLET] OK
ep55/75 loss=0.1602 main=0.1602 rec=0.0000 viol=0.725 357.6min eta=130.0min
ep56/75:  97%|██████████████████████████████████████████████████████████▎ | 1220/1255 [06:09<00:10,  3.31it/s]
---
[2026-06-17 01:51:43] [INFOCCE] STALLED? step stuck at 12 for ~15 min
[INFOCCE] WARN
ep11/18 loss=1.3705 main=1.3705 rec=0.0000 acc=0.585 323.2min eta=205.7min
ep12/18:  64%|██████████████████████████████████████▍                     | 6323/9867 [18:27<10:17,  5.74it/s]
0, 40112 MiB, 67 % 1, 2496 MiB, 2 %|2, 2496 MiB, 0 % 3, 2312 MiB, 9 % 4, 40056 MiB, 84 %|5, 2456 MiB, 13 % 6, 2476 MiB, 19 % 7, 2332 MiB, 17 %

======== 2026-06-17 01:56:43 ========
[TRIPLET] OK
ep56/75 loss=0.1604 main=0.1604 rec=0.0000 viol=0.725 364.0min eta=123.5min
ep57/75:  77%|███████████████████████████████████████████████▏             | 971/1255 [04:48<01:24,  3.37it/s]
---
[2026-06-17 01:56:44] [INFOCCE] STALLED? step stuck at 12 for ~20 min
[INFOCCE] WARN
ep11/18 loss=1.3705 main=1.3705 rec=0.0000 acc=0.585 323.2min eta=205.7min
ep12/18:  81%|████████████████████████████████████████████████▋           | 8004/9867 [23:22<05:30,  5.64it/s]
0, 40112 MiB, 51 % 1, 2496 MiB, 0 %|2, 2496 MiB, 1 % 3, 2312 MiB, 0 % 4, 40056 MiB, 93 %|5, 2456 MiB, 12 % 6, 2476 MiB, 14 % 7, 2332 MiB, 13 %

======== 2026-06-17 02:01:44 ========
[TRIPLET] OK
ep57/75 loss=0.1602 main=0.1602 rec=0.0000 viol=0.723 370.2min eta=116.9min
ep58/75:  57%|██████████████████████████████████▋                          | 713/1255 [03:35<02:42,  3.33it/s]
---
[2026-06-17 02:01:44] [INFOCCE] STALLED? step stuck at 12 for ~25 min
[INFOCCE] WARN
ep11/18 loss=1.3705 main=1.3705 rec=0.0000 acc=0.585 323.2min eta=205.7min
ep12/18:  98%|██████████████████████████████████████████████████████████▊ | 9662/9867 [28:19<00:35,  5.73it/s]
0, 40112 MiB, 47 % 1, 2496 MiB, 0 %|2, 2496 MiB, 13 % 3, 2312 MiB, 13 % 4, 40056 MiB, 81 %|5, 2456 MiB, 12 % 6, 2476 MiB, 12 % 7, 2332 MiB, 13 %

======== 2026-06-17 02:06:44 ========
[TRIPLET] OK
ep58/75 loss=0.1602 main=0.1602 rec=0.0000 viol=0.724 376.5min eta=110.4min
ep59/75:  35%|█████████████████████▌                                       | 443/1255 [02:14<04:05,  3.30it/s]
---
[INFOCCE] OK
ep12/18 loss=1.3669 main=1.3669 rec=0.0000 acc=0.585 352.2min eta=176.1min
ep13/18:  15%|█████████                                                   | 1490/9867 [04:23<24:30,  5.70it/s]
0, 40112 MiB, 70 % 1, 2496 MiB, 12 %|2, 2496 MiB, 13 % 3, 2312 MiB, 13 % 4, 40056 MiB, 91 %|5, 2456 MiB, 12 % 6, 2476 MiB, 12 % 7, 2332 MiB, 19 %

======== 2026-06-17 02:11:45 ========
[TRIPLET] OK
ep59/75 loss=0.1597 main=0.1597 rec=0.0000 viol=0.721 382.8min eta=103.8min
ep60/75:  16%|█████████▊                                                   | 203/1255 [01:01<05:17,  3.31it/s]
---
[INFOCCE] OK
ep12/18 loss=1.3669 main=1.3669 rec=0.0000 acc=0.585 352.2min eta=176.1min
ep13/18:  33%|███████████████████▋                                        | 3233/9867 [09:27<19:15,  5.74it/s]
0, 40112 MiB, 49 % 1, 2496 MiB, 5 %|2, 2496 MiB, 7 % 3, 2312 MiB, 0 % 4, 40056 MiB, 87 %|5, 2456 MiB, 17 % 6, 2476 MiB, 12 % 7, 2332 MiB, 21 %

======== 2026-06-17 02:16:45 ========
[TRIPLET] OK
ep59/75 loss=0.1597 main=0.1597 rec=0.0000 viol=0.721 382.8min eta=103.8min
ep60/75:  95%|████████████████████████████████████████████████████████▉   | 1192/1255 [05:59<00:18,  3.36it/s]
---
[INFOCCE] OK
ep12/18 loss=1.3669 main=1.3669 rec=0.0000 acc=0.585 352.2min eta=176.1min
ep13/18:  50%|█████████████████████████████▉                              | 4920/9867 [14:21<14:28,  5.70it/s]
0, 40112 MiB, 82 % 1, 2496 MiB, 12 %|2, 2496 MiB, 13 % 3, 2312 MiB, 13 % 4, 40056 MiB, 92 %|5, 2456 MiB, 12 % 6, 2476 MiB, 13 % 7, 2332 MiB, 13 %

======== 2026-06-17 02:21:46 ========
[TRIPLET] OK
ep60/75 loss=0.1596 main=0.1596 rec=0.0000 viol=0.722 389.1min eta=97.3min
ep61/75:  74%|████████████████████████████████████████████▊                | 923/1255 [04:38<01:38,  3.35it/s]
---
[2026-06-17 02:21:46] [INFOCCE] STALLED? step stuck at 13 for ~15 min
[INFOCCE] WARN
ep12/18 loss=1.3669 main=1.3669 rec=0.0000 acc=0.585 352.2min eta=176.1min
ep13/18:  68%|████████████████████████████████████████▌                   | 6664/9867 [19:26<09:17,  5.75it/s]
0, 40112 MiB, 38 % 1, 2496 MiB, 1 %|2, 2496 MiB, 13 % 3, 2312 MiB, 13 % 4, 40056 MiB, 81 %|5, 2456 MiB, 15 % 6, 2476 MiB, 12 % 7, 2332 MiB, 15 %

======== 2026-06-17 02:26:46 ========
[TRIPLET] OK
ep61/75 loss=0.1596 main=0.1596 rec=0.0000 viol=0.723 395.4min eta=90.8min
ep62/75:  54%|█████████████████████████████████                            | 680/1255 [03:25<02:53,  3.31it/s]
---
[2026-06-17 02:26:47] [INFOCCE] STALLED? step stuck at 13 for ~20 min
[INFOCCE] WARN
ep12/18 loss=1.3669 main=1.3669 rec=0.0000 acc=0.585 352.2min eta=176.1min
ep13/18:  85%|███████████████████████████████████████████████████▏        | 8408/9867 [24:31<04:16,  5.69it/s]
0, 40112 MiB, 40 % 1, 2496 MiB, 13 %|2, 2496 MiB, 6 % 3, 2312 MiB, 12 % 4, 40056 MiB, 91 %|5, 2456 MiB, 12 % 6, 2476 MiB, 17 % 7, 2332 MiB, 19 %

======== 2026-06-17 02:31:47 ========
[TRIPLET] OK
ep62/75 loss=0.1598 main=0.1598 rec=0.0000 viol=0.719 401.7min eta=84.2min
ep63/75:  32%|███████████████████▌                                         | 403/1255 [02:02<04:14,  3.34it/s]
---
[INFOCCE] OK
ep13/18 loss=1.3621 main=1.3621 rec=0.0000 acc=0.587 381.0min eta=146.6min
ep14/18:   2%|█▎                                                           | 220/9867 [00:40<28:54,  5.56it/s]
0, 40112 MiB, 38 % 1, 2496 MiB, 0 %|2, 2496 MiB, 5 % 3, 2312 MiB, 0 % 4, 40056 MiB, 93 %|5, 2456 MiB, 12 % 6, 2476 MiB, 22 % 7, 2332 MiB, 21 %

======== 2026-06-17 02:36:47 ========
[TRIPLET] OK
ep63/75 loss=0.1599 main=0.1599 rec=0.0000 viol=0.722 408.1min eta=77.7min
ep64/75:  14%|████████▎                                                    | 171/1255 [00:51<05:29,  3.29it/s]
---
[INFOCCE] OK
ep13/18 loss=1.3621 main=1.3621 rec=0.0000 acc=0.587 381.0min eta=146.6min
ep14/18:  19%|███████████▌                                                | 1904/9867 [05:43<23:09,  5.73it/s]
0, 40112 MiB, 39 % 1, 2496 MiB, 11 %|2, 2496 MiB, 0 % 3, 2312 MiB, 13 % 4, 40056 MiB, 90 %|5, 2456 MiB, 17 % 6, 2476 MiB, 13 % 7, 2332 MiB, 13 %

======== 2026-06-17 02:41:48 ========
[TRIPLET] OK
ep63/75 loss=0.1599 main=0.1599 rec=0.0000 viol=0.722 408.1min eta=77.7min
ep64/75:  93%|███████████████████████████████████████████████████████▌    | 1161/1255 [05:50<00:28,  3.34it/s]
---
[INFOCCE] OK
ep13/18 loss=1.3621 main=1.3621 rec=0.0000 acc=0.587 381.0min eta=146.6min
ep14/18:  36%|█████████████████████▊                                      | 3585/9867 [10:37<18:21,  5.70it/s]
0, 40112 MiB, 30 % 1, 2496 MiB, 1 %|2, 2496 MiB, 13 % 3, 2312 MiB, 12 % 4, 40056 MiB, 86 %|5, 2456 MiB, 14 % 6, 2476 MiB, 13 % 7, 2332 MiB, 13 %

======== 2026-06-17 02:46:49 ========
[TRIPLET] OK
ep64/75 loss=0.1594 main=0.1594 rec=0.0000 viol=0.718 414.4min eta=71.2min
ep65/75:  71%|███████████████████████████████████████████▎                 | 890/1255 [04:27<01:46,  3.43it/s]
---
[2026-06-17 02:46:49] [INFOCCE] STALLED? step stuck at 14 for ~15 min
[INFOCCE] WARN
ep13/18 loss=1.3621 main=1.3621 rec=0.0000 acc=0.587 381.0min eta=146.6min
ep14/18:  54%|████████████████████████████████▍                           | 5325/9867 [15:42<13:18,  5.69it/s]
0, 40112 MiB, 50 % 1, 2496 MiB, 0 %|2, 2496 MiB, 7 % 3, 2312 MiB, 12 % 4, 40056 MiB, 89 %|5, 2456 MiB, 12 % 6, 2476 MiB, 13 % 7, 2332 MiB, 13 %

======== 2026-06-17 02:51:49 ========
[TRIPLET] OK
ep65/75 loss=0.1592 main=0.1592 rec=0.0000 viol=0.719 420.7min eta=64.7min
ep66/75:  52%|███████████████████████████████▍                             | 648/1255 [03:16<03:03,  3.31it/s]
---
[2026-06-17 02:51:49] [INFOCCE] STALLED? step stuck at 14 for ~20 min
[INFOCCE] WARN
ep13/18 loss=1.3621 main=1.3621 rec=0.0000 acc=0.587 381.0min eta=146.6min
ep14/18:  71%|██████████████████████████████████████████▌                 | 7004/9867 [20:36<08:23,  5.69it/s]
0, 40112 MiB, 39 % 1, 2496 MiB, 0 %|2, 2496 MiB, 0 % 3, 2312 MiB, 13 % 4, 40056 MiB, 90 %|5, 2456 MiB, 12 % 6, 2476 MiB, 17 % 7, 2332 MiB, 17 %

======== 2026-06-17 02:56:50 ========
[TRIPLET] OK
ep66/75 loss=0.1594 main=0.1594 rec=0.0000 viol=0.719 427.0min eta=58.2min
ep67/75:  30%|██████████████████▎                                          | 377/1255 [01:53<04:22,  3.35it/s]
---
[2026-06-17 02:56:50] [INFOCCE] STALLED? step stuck at 14 for ~25 min
[INFOCCE] WARN
ep13/18 loss=1.3621 main=1.3621 rec=0.0000 acc=0.587 381.0min eta=146.6min
ep14/18:  89%|█████████████████████████████████████████████████████▏      | 8739/9867 [25:41<03:20,  5.64it/s]
0, 40112 MiB, 75 % 1, 2496 MiB, 12 %|2, 2496 MiB, 13 % 3, 2312 MiB, 13 % 4, 40056 MiB, 91 %|5, 2456 MiB, 12 % 6, 2476 MiB, 12 % 7, 2332 MiB, 18 %

======== 2026-06-17 03:01:50 ========
[TRIPLET] OK
ep67/75 loss=0.1593 main=0.1593 rec=0.0000 viol=0.717 433.3min eta=51.7min
ep68/75:  11%|██████▌                                                      | 136/1255 [00:40<05:36,  3.33it/s]
---
[INFOCCE] OK
ep14/18 loss=1.3595 main=1.3595 rec=0.0000 acc=0.587 410.1min eta=117.2min
ep15/18:   6%|███▌                                                         | 567/9867 [01:41<27:19,  5.67it/s]
0, 40112 MiB, 44 % 1, 2496 MiB, 13 %|2, 2496 MiB, 6 % 3, 2312 MiB, 13 % 4, 40056 MiB, 80 %|5, 2456 MiB, 12 % 6, 2476 MiB, 12 % 7, 2332 MiB, 13 %

======== 2026-06-17 03:06:51 ========
[TRIPLET] OK
ep67/75 loss=0.1593 main=0.1593 rec=0.0000 viol=0.717 433.3min eta=51.7min
ep68/75:  90%|██████████████████████████████████████████████████████▎     | 1135/1255 [05:40<00:35,  3.36it/s]
---
[INFOCCE] OK
ep14/18 loss=1.3595 main=1.3595 rec=0.0000 acc=0.587 410.1min eta=117.2min
ep15/18:  23%|█████████████▋                                              | 2245/9867 [06:35<22:15,  5.71it/s]
0, 40112 MiB, 43 % 1, 2496 MiB, 0 %|2, 2496 MiB, 13 % 3, 2312 MiB, 13 % 4, 40056 MiB, 78 %|5, 2456 MiB, 15 % 6, 2476 MiB, 12 % 7, 2332 MiB, 17 %

======== 2026-06-17 03:11:51 ========
[TRIPLET] OK
ep68/75 loss=0.1593 main=0.1593 rec=0.0000 viol=0.719 439.5min eta=45.2min
ep69/75:  71%|███████████████████████████████████████████                  | 886/1255 [04:27<01:52,  3.27it/s]
---
[INFOCCE] OK
ep14/18 loss=1.3595 main=1.3595 rec=0.0000 acc=0.587 410.1min eta=117.2min
ep15/18:  40%|███████████████████████▊                                    | 3916/9867 [11:35<19:12,  5.16it/s]
0, 40112 MiB, 35 % 1, 2496 MiB, 13 %|2, 2496 MiB, 0 % 3, 2312 MiB, 8 % 4, 40056 MiB, 93 %|5, 2456 MiB, 12 % 6, 2476 MiB, 14 % 7, 2332 MiB, 13 %

======== 2026-06-17 03:16:52 ========
[TRIPLET] OK
ep69/75 loss=0.1594 main=0.1594 rec=0.0000 viol=0.716 445.9min eta=38.8min
ep70/75:  49%|█████████████████████████████▋                               | 610/1255 [03:05<03:15,  3.30it/s]
---
[2026-06-17 03:16:52] [INFOCCE] STALLED? step stuck at 15 for ~15 min
[INFOCCE] WARN
ep14/18 loss=1.3595 main=1.3595 rec=0.0000 acc=0.587 410.1min eta=117.2min
ep15/18:  57%|██████████████████████████████████▍                         | 5663/9867 [16:41<12:17,  5.70it/s]
0, 40112 MiB, 63 % 1, 2496 MiB, 13 %|2, 2496 MiB, 0 % 3, 2312 MiB, 0 % 4, 40056 MiB, 90 %|5, 2456 MiB, 19 % 6, 2476 MiB, 17 % 7, 2332 MiB, 13 %

======== 2026-06-17 03:21:52 ========
[TRIPLET] OK
ep70/75 loss=0.1593 main=0.1593 rec=0.0000 viol=0.718 452.2min eta=32.3min
ep71/75:  27%|████████████████▎                                            | 336/1255 [01:42<04:40,  3.28it/s]
---
[2026-06-17 03:21:52] [INFOCCE] STALLED? step stuck at 15 for ~20 min
[INFOCCE] WARN
ep14/18 loss=1.3595 main=1.3595 rec=0.0000 acc=0.587 410.1min eta=117.2min
ep15/18:  75%|████████████████████████████████████████████▉               | 7399/9867 [21:45<07:12,  5.70it/s]
0, 40112 MiB, 52 % 1, 2496 MiB, 12 %|2, 2496 MiB, 0 % 3, 2312 MiB, 8 % 4, 40056 MiB, 92 %|5, 2456 MiB, 18 % 6, 2476 MiB, 18 % 7, 2332 MiB, 13 %

======== 2026-06-17 03:26:53 ========
[TRIPLET] OK
ep71/75 loss=0.1589 main=0.1589 rec=0.0000 viol=0.716 458.5min eta=25.8min
ep72/75:   8%|████▊                                                        | 100/1255 [00:30<05:53,  3.27it/s]
---
[2026-06-17 03:26:53] [INFOCCE] STALLED? step stuck at 15 for ~25 min
[INFOCCE] WARN
ep14/18 loss=1.3595 main=1.3595 rec=0.0000 acc=0.587 410.1min eta=117.2min
ep15/18:  92%|███████████████████████████████████████████████████████▏    | 9081/9867 [26:39<02:17,  5.72it/s]
0, 40112 MiB, 64 % 1, 2496 MiB, 13 %|2, 2496 MiB, 11 % 3, 2312 MiB, 13 % 4, 40056 MiB, 84 %|5, 2456 MiB, 15 % 6, 2476 MiB, 20 % 7, 2332 MiB, 13 %

======== 2026-06-17 03:31:53 ========
[TRIPLET] OK
ep71/75 loss=0.1589 main=0.1589 rec=0.0000 viol=0.716 458.5min eta=25.8min
ep72/75:  88%|████████████████████████████████████████████████████▌       | 1099/1255 [05:29<00:46,  3.39it/s]
---
[INFOCCE] OK
ep15/18 loss=1.3567 main=1.3567 rec=0.0000 acc=0.587 439.1min eta=87.8min
ep16/18:   9%|█████▋                                                       | 911/9867 [02:41<26:14,  5.69it/s]
0, 40112 MiB, 67 % 1, 2496 MiB, 13 %|2, 2496 MiB, 13 % 3, 2312 MiB, 13 % 4, 40056 MiB, 81 %|5, 2456 MiB, 12 % 6, 2476 MiB, 13 % 7, 2332 MiB, 16 %

======== 2026-06-17 03:36:54 ========
[TRIPLET] OK
ep72/75 loss=0.1592 main=0.1592 rec=0.0000 viol=0.716 464.8min eta=19.4min
ep73/75:  66%|████████████████████████████████████████▏                    | 826/1255 [04:08<02:08,  3.34it/s]
---
[INFOCCE] OK
ep15/18 loss=1.3567 main=1.3567 rec=0.0000 acc=0.587 439.1min eta=87.8min
ep16/18:  27%|████████████████                                            | 2645/9867 [07:45<21:05,  5.71it/s]
0, 40112 MiB, 52 % 1, 2496 MiB, 6 %|2, 2496 MiB, 11 % 3, 2312 MiB, 13 % 4, 40056 MiB, 90 %|5, 2456 MiB, 12 % 6, 2476 MiB, 13 % 7, 2332 MiB, 19 %

======== 2026-06-17 03:41:54 ========
[TRIPLET] OK
ep73/75 loss=0.1589 main=0.1589 rec=0.0000 viol=0.715 471.1min eta=12.9min
ep74/75:  47%|████████████████████████████▍                                | 586/1255 [02:55<03:22,  3.30it/s]
---
[INFOCCE] OK
ep15/18 loss=1.3567 main=1.3567 rec=0.0000 acc=0.587 439.1min eta=87.8min
ep16/18:  44%|██████████████████████████▎                                 | 4333/9867 [12:40<16:04,  5.74it/s]
0, 40112 MiB, 40 % 1, 2496 MiB, 13 %|2, 2496 MiB, 13 % 3, 2312 MiB, 13 % 4, 40056 MiB, 91 %|5, 2456 MiB, 17 % 6, 2476 MiB, 17 % 7, 2332 MiB, 13 %

======== 2026-06-17 03:46:55 ========
[TRIPLET] OK
ep74/75 loss=0.1591 main=0.1591 rec=0.0000 viol=0.718 477.3min eta=6.5min
ep75/75:  27%|████████████████▍                                            | 337/1255 [01:42<04:38,  3.29it/s]
---
[2026-06-17 03:46:55] [INFOCCE] STALLED? step stuck at 16 for ~15 min
[INFOCCE] WARN
ep15/18 loss=1.3567 main=1.3567 rec=0.0000 acc=0.587 439.1min eta=87.8min
ep16/18:  61%|████████████████████████████████████▊                       | 6062/9867 [17:44<11:07,  5.70it/s]
0, 40112 MiB, 75 % 1, 2496 MiB, 4 %|2, 2496 MiB, 0 % 3, 2312 MiB, 0 % 4, 40056 MiB, 86 %|5, 2456 MiB, 12 % 6, 2476 MiB, 12 % 7, 2332 MiB, 14 %

======== 2026-06-17 03:51:55 ========
[TRIPLET] OK
ep75/75 loss=0.1591 main=0.1591 rec=0.0000 viol=0.717 483.6min eta=0.0min
**********
---
[2026-06-17 03:51:58] [INFOCCE] STALLED? step stuck at 16 for ~20 min
[INFOCCE] WARN
ep15/18 loss=1.3567 main=1.3567 rec=0.0000 acc=0.587 439.1min eta=87.8min
ep16/18:  78%|██████████████████████████████████████████████▌             | 7661/9867 [22:37<07:54,  4.65it/s]
0, 40114 MiB, 0 % 1, 2496 MiB, 0 %|2, 2496 MiB, 0 % 3, 2312 MiB, 0 % 4, 40056 MiB, 11 %|5, 2456 MiB, 5 % 6, 2476 MiB, 7 % 7, 2332 MiB, 5 %

======== 2026-06-17 03:57:00 ========
[TRIPLET] OK
ep75/75 loss=0.1591 main=0.1591 rec=0.0000 viol=0.717 483.6min eta=0.0min
***************************************************
---
[2026-06-17 03:57:01] [INFOCCE] STALLED? step stuck at 16 for ~25 min
[INFOCCE] WARN
ep15/18 loss=1.3567 main=1.3567 rec=0.0000 acc=0.587 439.1min eta=87.8min
ep16/18:  88%|████████████████████████████████████████████████████▋       | 8673/9867 [27:47<06:54,  2.88it/s]
0, 43414 MiB, 0 % 1, 2496 MiB, 0 %|2, 2496 MiB, 0 % 3, 2312 MiB, 0 % 4, 40056 MiB, 66 %|5, 2476 MiB, 13 % 6, 2476 MiB, 13 % 7, 2332 MiB, 9 %

======== 2026-06-17 04:02:02 ========
[TRIPLET] OK
ep75/75 loss=0.1591 main=0.1591 rec=0.0000 viol=0.717 483.6min eta=0.0min
*******************************************************
---
[INFOCCE] OK
ep16/18 loss=1.3561 main=1.3561 rec=0.0000 acc=0.588 471.9min eta=59.0min
ep17/18:   0%|                                                                       | 0/9867 [00:00<?, ?it/s]
0, 56694 MiB, 75 % 1, 2496 MiB, 0 %|2, 2496 MiB, 0 % 3, 2312 MiB, 0 % 4, 40056 MiB, 93 %|5, 2476 MiB, 19 % 6, 2476 MiB, 20 % 7, 2332 MiB, 13 %

======== 2026-06-17 04:07:03 ========
[TRIPLET] OK
ep75/75 loss=0.1591 main=0.1591 rec=0.0000 viol=0.717 483.6min eta=0.0min
*****
---
[INFOCCE] OK
ep16/18 loss=1.3561 main=1.3561 rec=0.0000 acc=0.588 471.9min eta=59.0min
ep17/18:  14%|████████▌                                                   | 1408/9867 [05:07<32:08,  4.39it/s]
0, 41674 MiB, 0 % 1, 1694 MiB, 0 %|2, 1694 MiB, 0 % 3, 1550 MiB, 0 % 4, 40056 MiB, 9 %|5, 2476 MiB, 1 % 6, 2476 MiB, 7 % 7, 2332 MiB, 5 %

======== 2026-06-17 04:12:05 ========
[TRIPLET] OK
ep75/75 loss=0.1591 main=0.1591 rec=0.0000 viol=0.717 483.6min eta=0.0min
******************************
---
[INFOCCE] OK
ep16/18 loss=1.3561 main=1.3561 rec=0.0000 acc=0.588 471.9min eta=59.0min
ep17/18:  29%|█████████████████▎                                          | 2845/9867 [10:07<22:51,  5.12it/s]
0, 54954 MiB, 0 % 1, 1694 MiB, 0 %|2, 1694 MiB, 0 % 3, 1550 MiB, 0 % 4, 40056 MiB, 69 %|5, 2476 MiB, 16 % 6, 2476 MiB, 13 % 7, 2332 MiB, 13 %

======== 2026-06-17 04:17:07 ========
[TRIPLET] OK
ep75/75 loss=0.1591 main=0.1591 rec=0.0000 viol=0.717 483.6min eta=0.0min
****************************************************
---
[2026-06-17 04:17:08] [INFOCCE] STALLED? step stuck at 17 for ~15 min
[INFOCCE] WARN
ep16/18 loss=1.3561 main=1.3561 rec=0.0000 acc=0.588 471.9min eta=59.0min
ep17/18:  45%|███████████████████████████▎                                | 4486/9867 [15:10<17:11,  5.21it/s]
0, 30514 MiB, 0 % 1, 1694 MiB, 0 %|2, 1694 MiB, 0 % 3, 1550 MiB, 0 % 4, 40056 MiB, 67 %|5, 2476 MiB, 12 % 6, 2476 MiB, 13 % 7, 2332 MiB, 13 %

======== 2026-06-17 04:22:09 ========
[TRIPLET] OK
ep75/75 loss=0.1591 main=0.1591 rec=0.0000 viol=0.717 483.6min eta=0.0min
****************************************************
---
[2026-06-17 04:22:10] [INFOCCE] STALLED? step stuck at 17 for ~20 min
[INFOCCE] WARN
ep16/18 loss=1.3561 main=1.3561 rec=0.0000 acc=0.588 471.9min eta=59.0min
ep17/18:  61%|████████████████████████████████████▌                       | 6021/9867 [20:07<13:23,  4.79it/s]
0, 39854 MiB, 0 % 1, 1694 MiB, 0 %|2, 1694 MiB, 0 % 3, 1550 MiB, 0 % 4, 40056 MiB, 71 %|5, 2476 MiB, 8 % 6, 2476 MiB, 12 % 7, 2332 MiB, 12 %

======== 2026-06-17 04:27:10 ========
[TRIPLET] OK
ep75/75 loss=0.1591 main=0.1591 rec=0.0000 viol=0.717 483.6min eta=0.0min
****************************************************
---
[2026-06-17 04:27:11] [INFOCCE] STALLED? step stuck at 17 for ~25 min
[INFOCCE] WARN
ep16/18 loss=1.3561 main=1.3561 rec=0.0000 acc=0.588 471.9min eta=59.0min
ep17/18:  77%|██████████████████████████████████████████████▎             | 7623/9867 [25:08<07:00,  5.34it/s]
0, 53194 MiB, 0 % 1, 1694 MiB, 0 %|2, 1694 MiB, 0 % 3, 1550 MiB, 0 % 4, 40056 MiB, 71 %|5, 2476 MiB, 9 % 6, 2476 MiB, 13 % 7, 2332 MiB, 13 %

======== 2026-06-17 04:32:12 ========
[TRIPLET] DONE
***************************************************[d=1024 base] R@50=0.6794 R@500=0.6734 HNSW_QPS=1676
***************************************************[d=1024 rerank K=1000] R@50=0.9907 R@500=0.8053 e2eQPS=1061
[d=1024 rerank K=2000] R@50=0.9921 R@500=0.8544 e2eQPS=703
****************************************************[d=2048 base] R@50=0.6870 R@500=0.6903 HNSW_QPS=1344
*******************************************************[d=2048 rerank K=1000] R@50=0.9919 R@500=0.8223 e2eQPS=920
*******************************************************[d=2048 rerank K=2000] R@50=0.9927 R@500=0.8603 e2eQPS=638
****************************************************[d=4096 base] R@50=0.6909 R@500=0.6988 HNSW_QPS=1145
****************************************************[d=4096 rerank K=1000] R@50=0.9924 R@500=0.8307 e2eQPS=902
****************************************************[d=4096 rerank K=2000] R@50=0.9930 R@500=0.8628 e2eQPS=512
appended 9 rows -> /raid/ruban/hpmlproj/term_project/SigSpatial/NEW_RESULTS.csv
---
[2026-06-17 04:32:12] [INFOCCE] STALLED? step stuck at 17 for ~30 min
[INFOCCE] WARN
ep16/18 loss=1.3561 main=1.3561 rec=0.0000 acc=0.588 471.9min eta=59.0min
ep17/18:  95%|████████████████████████████████████████████████████████▊   | 9344/9867 [30:06<01:27,  5.97it/s]
0, 3 MiB, 0 % 1, 3 MiB, 0 %|2, 3 MiB, 0 % 3, 3 MiB, 0 % 4, 40056 MiB, 94 %|5, 2496 MiB, 12 % 6, 2476 MiB, 18 % 7, 2332 MiB, 17 %

======== 2026-06-17 04:37:12 ========
[TRIPLET] DONE
***************************************************[d=1024 base] R@50=0.6794 R@500=0.6734 HNSW_QPS=1676
***************************************************[d=1024 rerank K=1000] R@50=0.9907 R@500=0.8053 e2eQPS=1061
[d=1024 rerank K=2000] R@50=0.9921 R@500=0.8544 e2eQPS=703
****************************************************[d=2048 base] R@50=0.6870 R@500=0.6903 HNSW_QPS=1344
*******************************************************[d=2048 rerank K=1000] R@50=0.9919 R@500=0.8223 e2eQPS=920
*******************************************************[d=2048 rerank K=2000] R@50=0.9927 R@500=0.8603 e2eQPS=638
****************************************************[d=4096 base] R@50=0.6909 R@500=0.6988 HNSW_QPS=1145
****************************************************[d=4096 rerank K=1000] R@50=0.9924 R@500=0.8307 e2eQPS=902
****************************************************[d=4096 rerank K=2000] R@50=0.9930 R@500=0.8628 e2eQPS=512
appended 9 rows -> /raid/ruban/hpmlproj/term_project/SigSpatial/NEW_RESULTS.csv
---
[INFOCCE] OK
ep17/18 loss=1.3529 main=1.3529 rec=0.0000 acc=0.588 503.6min eta=29.6min
ep18/18:  13%|███████▊                                                    | 1288/9867 [03:31<23:15,  6.15it/s]
0, 3 MiB, 0 % 1, 3 MiB, 0 %|2, 3 MiB, 0 % 3, 3 MiB, 0 % 4, 40056 MiB, 94 %|5, 2496 MiB, 13 % 6, 2476 MiB, 24 % 7, 2332 MiB, 18 %

======== 2026-06-17 04:42:12 ========
[TRIPLET] DONE
***************************************************[d=1024 base] R@50=0.6794 R@500=0.6734 HNSW_QPS=1676
***************************************************[d=1024 rerank K=1000] R@50=0.9907 R@500=0.8053 e2eQPS=1061
[d=1024 rerank K=2000] R@50=0.9921 R@500=0.8544 e2eQPS=703
****************************************************[d=2048 base] R@50=0.6870 R@500=0.6903 HNSW_QPS=1344
*******************************************************[d=2048 rerank K=1000] R@50=0.9919 R@500=0.8223 e2eQPS=920
*******************************************************[d=2048 rerank K=2000] R@50=0.9927 R@500=0.8603 e2eQPS=638
****************************************************[d=4096 base] R@50=0.6909 R@500=0.6988 HNSW_QPS=1145
****************************************************[d=4096 rerank K=1000] R@50=0.9924 R@500=0.8307 e2eQPS=902
****************************************************[d=4096 rerank K=2000] R@50=0.9930 R@500=0.8628 e2eQPS=512
appended 9 rows -> /raid/ruban/hpmlproj/term_project/SigSpatial/NEW_RESULTS.csv
---
[INFOCCE] OK
ep17/18 loss=1.3529 main=1.3529 rec=0.0000 acc=0.588 503.6min eta=29.6min
ep18/18:  32%|███████████████████▏                                        | 3150/9867 [08:35<18:15,  6.13it/s]
0, 3 MiB, 0 % 1, 3 MiB, 0 %|2, 3 MiB, 0 % 3, 3 MiB, 0 % 4, 40056 MiB, 95 %|5, 2496 MiB, 12 % 6, 2476 MiB, 13 % 7, 2332 MiB, 13 %

======== 2026-06-17 04:47:13 ========
[TRIPLET] DONE
***************************************************[d=1024 base] R@50=0.6794 R@500=0.6734 HNSW_QPS=1676
***************************************************[d=1024 rerank K=1000] R@50=0.9907 R@500=0.8053 e2eQPS=1061
[d=1024 rerank K=2000] R@50=0.9921 R@500=0.8544 e2eQPS=703
****************************************************[d=2048 base] R@50=0.6870 R@500=0.6903 HNSW_QPS=1344
*******************************************************[d=2048 rerank K=1000] R@50=0.9919 R@500=0.8223 e2eQPS=920
*******************************************************[d=2048 rerank K=2000] R@50=0.9927 R@500=0.8603 e2eQPS=638
****************************************************[d=4096 base] R@50=0.6909 R@500=0.6988 HNSW_QPS=1145
****************************************************[d=4096 rerank K=1000] R@50=0.9924 R@500=0.8307 e2eQPS=902
****************************************************[d=4096 rerank K=2000] R@50=0.9930 R@500=0.8628 e2eQPS=512
appended 9 rows -> /raid/ruban/hpmlproj/term_project/SigSpatial/NEW_RESULTS.csv
---
[INFOCCE] OK
ep17/18 loss=1.3529 main=1.3529 rec=0.0000 acc=0.588 503.6min eta=29.6min
ep18/18:  50%|██████████████████████████████▏                             | 4962/9867 [13:28<13:04,  6.25it/s]
0, 3 MiB, 0 % 1, 3 MiB, 0 %|2, 3 MiB, 0 % 3, 3 MiB, 0 % 4, 40056 MiB, 92 %|5, 2496 MiB, 18 % 6, 2476 MiB, 13 % 7, 2332 MiB, 20 %

======== 2026-06-17 04:52:13 ========
[TRIPLET] DONE
***************************************************[d=1024 base] R@50=0.6794 R@500=0.6734 HNSW_QPS=1676
***************************************************[d=1024 rerank K=1000] R@50=0.9907 R@500=0.8053 e2eQPS=1061
[d=1024 rerank K=2000] R@50=0.9921 R@500=0.8544 e2eQPS=703
****************************************************[d=2048 base] R@50=0.6870 R@500=0.6903 HNSW_QPS=1344
*******************************************************[d=2048 rerank K=1000] R@50=0.9919 R@500=0.8223 e2eQPS=920
*******************************************************[d=2048 rerank K=2000] R@50=0.9927 R@500=0.8603 e2eQPS=638
****************************************************[d=4096 base] R@50=0.6909 R@500=0.6988 HNSW_QPS=1145
****************************************************[d=4096 rerank K=1000] R@50=0.9924 R@500=0.8307 e2eQPS=902
****************************************************[d=4096 rerank K=2000] R@50=0.9930 R@500=0.8628 e2eQPS=512
appended 9 rows -> /raid/ruban/hpmlproj/term_project/SigSpatial/NEW_RESULTS.csv
---
[2026-06-17 04:52:13] [INFOCCE] STALLED? step stuck at 18 for ~15 min
[INFOCCE] WARN
ep17/18 loss=1.3529 main=1.3529 rec=0.0000 acc=0.588 503.6min eta=29.6min
ep18/18:  69%|█████████████████████████████████████████▋                  | 6852/9867 [18:30<08:01,  6.26it/s]
0, 3 MiB, 0 % 1, 3 MiB, 0 %|2, 3 MiB, 0 % 3, 3 MiB, 0 % 4, 40056 MiB, 95 %|5, 2496 MiB, 12 % 6, 2476 MiB, 14 % 7, 2332 MiB, 22 %

======== 2026-06-17 04:57:13 ========
[TRIPLET] DONE
***************************************************[d=1024 base] R@50=0.6794 R@500=0.6734 HNSW_QPS=1676
***************************************************[d=1024 rerank K=1000] R@50=0.9907 R@500=0.8053 e2eQPS=1061
[d=1024 rerank K=2000] R@50=0.9921 R@500=0.8544 e2eQPS=703
****************************************************[d=2048 base] R@50=0.6870 R@500=0.6903 HNSW_QPS=1344
*******************************************************[d=2048 rerank K=1000] R@50=0.9919 R@500=0.8223 e2eQPS=920
*******************************************************[d=2048 rerank K=2000] R@50=0.9927 R@500=0.8603 e2eQPS=638
****************************************************[d=4096 base] R@50=0.6909 R@500=0.6988 HNSW_QPS=1145
****************************************************[d=4096 rerank K=1000] R@50=0.9924 R@500=0.8307 e2eQPS=902
****************************************************[d=4096 rerank K=2000] R@50=0.9930 R@500=0.8628 e2eQPS=512
appended 9 rows -> /raid/ruban/hpmlproj/term_project/SigSpatial/NEW_RESULTS.csv
---
[2026-06-17 04:57:14] [INFOCCE] STALLED? step stuck at 18 for ~20 min
[INFOCCE] WARN
ep17/18 loss=1.3529 main=1.3529 rec=0.0000 acc=0.588 503.6min eta=29.6min
ep18/18:  89%|█████████████████████████████████████████████████████▏      | 8742/9867 [23:33<03:00,  6.25it/s]
0, 3 MiB, 0 % 1, 3 MiB, 0 %|2, 3 MiB, 0 % 3, 3 MiB, 0 % 4, 40056 MiB, 93 %|5, 2496 MiB, 18 % 6, 2476 MiB, 13 % 7, 2332 MiB, 13 %

======== 2026-06-17 05:02:14 ========
[TRIPLET] DONE
***************************************************[d=1024 base] R@50=0.6794 R@500=0.6734 HNSW_QPS=1676
***************************************************[d=1024 rerank K=1000] R@50=0.9907 R@500=0.8053 e2eQPS=1061
[d=1024 rerank K=2000] R@50=0.9921 R@500=0.8544 e2eQPS=703
****************************************************[d=2048 base] R@50=0.6870 R@500=0.6903 HNSW_QPS=1344
*******************************************************[d=2048 rerank K=1000] R@50=0.9919 R@500=0.8223 e2eQPS=920
*******************************************************[d=2048 rerank K=2000] R@50=0.9927 R@500=0.8603 e2eQPS=638
****************************************************[d=4096 base] R@50=0.6909 R@500=0.6988 HNSW_QPS=1145
****************************************************[d=4096 rerank K=1000] R@50=0.9924 R@500=0.8307 e2eQPS=902
****************************************************[d=4096 rerank K=2000] R@50=0.9930 R@500=0.8628 e2eQPS=512
appended 9 rows -> /raid/ruban/hpmlproj/term_project/SigSpatial/NEW_RESULTS.csv
---
[INFOCCE] OK
ep18/18 loss=1.3524 main=1.3524 rec=0.0000 acc=0.589 530.2min eta=0.0min

0, 3 MiB, 0 % 1, 3 MiB, 0 %|2, 3 MiB, 0 % 3, 3 MiB, 0 % 4, 40056 MiB, 0 %|5, 2496 MiB, 0 % 6, 2476 MiB, 0 % 7, 2332 MiB, 0 %

======== 2026-06-17 05:07:14 ========
[TRIPLET] DONE
***************************************************[d=1024 base] R@50=0.6794 R@500=0.6734 HNSW_QPS=1676
***************************************************[d=1024 rerank K=1000] R@50=0.9907 R@500=0.8053 e2eQPS=1061
[d=1024 rerank K=2000] R@50=0.9921 R@500=0.8544 e2eQPS=703
****************************************************[d=2048 base] R@50=0.6870 R@500=0.6903 HNSW_QPS=1344
*******************************************************[d=2048 rerank K=1000] R@50=0.9919 R@500=0.8223 e2eQPS=920
*******************************************************[d=2048 rerank K=2000] R@50=0.9927 R@500=0.8603 e2eQPS=638
****************************************************[d=4096 base] R@50=0.6909 R@500=0.6988 HNSW_QPS=1145
****************************************************[d=4096 rerank K=1000] R@50=0.9924 R@500=0.8307 e2eQPS=902
****************************************************[d=4096 rerank K=2000] R@50=0.9930 R@500=0.8628 e2eQPS=512
appended 9 rows -> /raid/ruban/hpmlproj/term_project/SigSpatial/NEW_RESULTS.csv
---
[INFOCCE] OK
ep18/18 loss=1.3524 main=1.3524 rec=0.0000 acc=0.589 530.2min eta=0.0min
*******************************************************
0, 3 MiB, 0 % 1, 3 MiB, 0 %|2, 3 MiB, 0 % 3, 3 MiB, 0 % 4, 50356 MiB, 0 %|5, 2496 MiB, 0 % 6, 2476 MiB, 0 % 7, 2332 MiB, 0 %

======== 2026-06-17 05:12:15 ========
[TRIPLET] DONE
***************************************************[d=1024 base] R@50=0.6794 R@500=0.6734 HNSW_QPS=1676
***************************************************[d=1024 rerank K=1000] R@50=0.9907 R@500=0.8053 e2eQPS=1061
[d=1024 rerank K=2000] R@50=0.9921 R@500=0.8544 e2eQPS=703
****************************************************[d=2048 base] R@50=0.6870 R@500=0.6903 HNSW_QPS=1344
*******************************************************[d=2048 rerank K=1000] R@50=0.9919 R@500=0.8223 e2eQPS=920
*******************************************************[d=2048 rerank K=2000] R@50=0.9927 R@500=0.8603 e2eQPS=638
****************************************************[d=4096 base] R@50=0.6909 R@500=0.6988 HNSW_QPS=1145
****************************************************[d=4096 rerank K=1000] R@50=0.9924 R@500=0.8307 e2eQPS=902
****************************************************[d=4096 rerank K=2000] R@50=0.9930 R@500=0.8628 e2eQPS=512
appended 9 rows -> /raid/ruban/hpmlproj/term_project/SigSpatial/NEW_RESULTS.csv
---
[INFOCCE] OK
ep18/18 loss=1.3524 main=1.3524 rec=0.0000 acc=0.589 530.2min eta=0.0min
*******
0, 3 MiB, 0 % 1, 3 MiB, 0 %|2, 3 MiB, 0 % 3, 3 MiB, 0 % 4, 41674 MiB, 0 %|5, 1694 MiB, 0 % 6, 1694 MiB, 0 % 7, 1550 MiB, 0 %

======== 2026-06-17 05:17:18 ========
[TRIPLET] DONE
***************************************************[d=1024 base] R@50=0.6794 R@500=0.6734 HNSW_QPS=1676
***************************************************[d=1024 rerank K=1000] R@50=0.9907 R@500=0.8053 e2eQPS=1061
[d=1024 rerank K=2000] R@50=0.9921 R@500=0.8544 e2eQPS=703
****************************************************[d=2048 base] R@50=0.6870 R@500=0.6903 HNSW_QPS=1344
*******************************************************[d=2048 rerank K=1000] R@50=0.9919 R@500=0.8223 e2eQPS=920
*******************************************************[d=2048 rerank K=2000] R@50=0.9927 R@500=0.8603 e2eQPS=638
****************************************************[d=4096 base] R@50=0.6909 R@500=0.6988 HNSW_QPS=1145
****************************************************[d=4096 rerank K=1000] R@50=0.9924 R@500=0.8307 e2eQPS=902
****************************************************[d=4096 rerank K=2000] R@50=0.9930 R@500=0.8628 e2eQPS=512
appended 9 rows -> /raid/ruban/hpmlproj/term_project/SigSpatial/NEW_RESULTS.csv
---
[INFOCCE] OK
ep18/18 loss=1.3524 main=1.3524 rec=0.0000 acc=0.589 530.2min eta=0.0min
*************************************
0, 3 MiB, 0 % 1, 3 MiB, 0 %|2, 3 MiB, 0 % 3, 3 MiB, 0 % 4, 49294 MiB, 0 %|5, 1694 MiB, 0 % 6, 1694 MiB, 0 % 7, 1550 MiB, 0 %

======== 2026-06-17 05:22:21 ========
[TRIPLET] DONE
***************************************************[d=1024 base] R@50=0.6794 R@500=0.6734 HNSW_QPS=1676
***************************************************[d=1024 rerank K=1000] R@50=0.9907 R@500=0.8053 e2eQPS=1061
[d=1024 rerank K=2000] R@50=0.9921 R@500=0.8544 e2eQPS=703
****************************************************[d=2048 base] R@50=0.6870 R@500=0.6903 HNSW_QPS=1344
*******************************************************[d=2048 rerank K=1000] R@50=0.9919 R@500=0.8223 e2eQPS=920
*******************************************************[d=2048 rerank K=2000] R@50=0.9927 R@500=0.8603 e2eQPS=638
****************************************************[d=4096 base] R@50=0.6909 R@500=0.6988 HNSW_QPS=1145
****************************************************[d=4096 rerank K=1000] R@50=0.9924 R@500=0.8307 e2eQPS=902
****************************************************[d=4096 rerank K=2000] R@50=0.9930 R@500=0.8628 e2eQPS=512
appended 9 rows -> /raid/ruban/hpmlproj/term_project/SigSpatial/NEW_RESULTS.csv
---
[INFOCCE] OK
ep18/18 loss=1.3524 main=1.3524 rec=0.0000 acc=0.589 530.2min eta=0.0min
***************************************
0, 3 MiB, 0 % 1, 3 MiB, 0 %|2, 3 MiB, 0 % 3, 3 MiB, 0 % 4, 30494 MiB, 0 %|5, 1694 MiB, 0 % 6, 1694 MiB, 0 % 7, 1550 MiB, 0 %

======== 2026-06-17 05:27:23 ========
[TRIPLET] DONE
***************************************************[d=1024 base] R@50=0.6794 R@500=0.6734 HNSW_QPS=1676
***************************************************[d=1024 rerank K=1000] R@50=0.9907 R@500=0.8053 e2eQPS=1061
[d=1024 rerank K=2000] R@50=0.9921 R@500=0.8544 e2eQPS=703
****************************************************[d=2048 base] R@50=0.6870 R@500=0.6903 HNSW_QPS=1344
*******************************************************[d=2048 rerank K=1000] R@50=0.9919 R@500=0.8223 e2eQPS=920
*******************************************************[d=2048 rerank K=2000] R@50=0.9927 R@500=0.8603 e2eQPS=638
****************************************************[d=4096 base] R@50=0.6909 R@500=0.6988 HNSW_QPS=1145
****************************************************[d=4096 rerank K=1000] R@50=0.9924 R@500=0.8307 e2eQPS=902
****************************************************[d=4096 rerank K=2000] R@50=0.9930 R@500=0.8628 e2eQPS=512
appended 9 rows -> /raid/ruban/hpmlproj/term_project/SigSpatial/NEW_RESULTS.csv
---
[INFOCCE] OK
ep18/18 loss=1.3524 main=1.3524 rec=0.0000 acc=0.589 530.2min eta=0.0min
*******************************************
0, 3 MiB, 0 % 1, 3 MiB, 0 %|2, 3 MiB, 0 % 3, 3 MiB, 0 % 4, 39834 MiB, 0 %|5, 1694 MiB, 0 % 6, 1694 MiB, 0 % 7, 1550 MiB, 0 %

======== 2026-06-17 05:32:24 ========
[TRIPLET] DONE
***************************************************[d=1024 base] R@50=0.6794 R@500=0.6734 HNSW_QPS=1676
***************************************************[d=1024 rerank K=1000] R@50=0.9907 R@500=0.8053 e2eQPS=1061
[d=1024 rerank K=2000] R@50=0.9921 R@500=0.8544 e2eQPS=703
****************************************************[d=2048 base] R@50=0.6870 R@500=0.6903 HNSW_QPS=1344
*******************************************************[d=2048 rerank K=1000] R@50=0.9919 R@500=0.8223 e2eQPS=920
*******************************************************[d=2048 rerank K=2000] R@50=0.9927 R@500=0.8603 e2eQPS=638
****************************************************[d=4096 base] R@50=0.6909 R@500=0.6988 HNSW_QPS=1145
****************************************************[d=4096 rerank K=1000] R@50=0.9924 R@500=0.8307 e2eQPS=902
****************************************************[d=4096 rerank K=2000] R@50=0.9930 R@500=0.8628 e2eQPS=512
appended 9 rows -> /raid/ruban/hpmlproj/term_project/SigSpatial/NEW_RESULTS.csv
---
[INFOCCE] OK
ep18/18 loss=1.3524 main=1.3524 rec=0.0000 acc=0.589 530.2min eta=0.0min
**************************************
0, 3 MiB, 0 % 1, 3 MiB, 0 %|2, 3 MiB, 0 % 3, 3 MiB, 0 % 4, 49854 MiB, 0 %|5, 1694 MiB, 0 % 6, 1694 MiB, 0 % 7, 1550 MiB, 0 %

======== 2026-06-17 05:37:26 ========
[TRIPLET] DONE
***************************************************[d=1024 base] R@50=0.6794 R@500=0.6734 HNSW_QPS=1676
***************************************************[d=1024 rerank K=1000] R@50=0.9907 R@500=0.8053 e2eQPS=1061
[d=1024 rerank K=2000] R@50=0.9921 R@500=0.8544 e2eQPS=703
****************************************************[d=2048 base] R@50=0.6870 R@500=0.6903 HNSW_QPS=1344
*******************************************************[d=2048 rerank K=1000] R@50=0.9919 R@500=0.8223 e2eQPS=920
*******************************************************[d=2048 rerank K=2000] R@50=0.9927 R@500=0.8603 e2eQPS=638
****************************************************[d=4096 base] R@50=0.6909 R@500=0.6988 HNSW_QPS=1145
****************************************************[d=4096 rerank K=1000] R@50=0.9924 R@500=0.8307 e2eQPS=902
****************************************************[d=4096 rerank K=2000] R@50=0.9930 R@500=0.8628 e2eQPS=512
appended 9 rows -> /raid/ruban/hpmlproj/term_project/SigSpatial/NEW_RESULTS.csv
---
[INFOCCE] DONE
[d=1024 base] R@50=0.6491 R@500=0.7461 HNSW_QPS=2602
*[d=1024 rerank K=1000] R@50=0.9935 R@500=0.8730 e2eQPS=1013
*******************************************************[d=1024 rerank K=2000] R@50=0.9937 R@500=0.8825 e2eQPS=740
[d=2048 base] R@50=0.6542 R@500=0.7494 HNSW_QPS=1165
*[d=2048 rerank K=1000] R@50=0.9936 R@500=0.8748 e2eQPS=775
***************************************************[d=2048 rerank K=2000] R@50=0.9939 R@500=0.8836 e2eQPS=593
****************************************************[d=4096 base] R@50=0.6571 R@500=0.7507 HNSW_QPS=1038
*[d=4096 rerank K=1000] R@50=0.9937 R@500=0.8750 e2eQPS=672
*******************************************************[d=4096 rerank K=2000] R@50=0.9938 R@500=0.8833 e2eQPS=580
appended 9 rows -> /raid/ruban/hpmlproj/term_project/SigSpatial/NEW_RESULTS.csv
0, 3 MiB, 0 % 1, 3 MiB, 0 %|2, 3 MiB, 0 % 3, 3 MiB, 0 % 4, 3 MiB, 0 %|5, 3 MiB, 0 % 6, 3 MiB, 0 % 7, 3 MiB, 0 %

[2026-06-17 05:37:26] BOTH JOBS COMPLETE — final report at /tmp/matryoshka_morning_report.txt
